2026-06-02 13:19:13 - Analysis started at 2026-06-02 13:19:13.156979
2026-06-02 13:19:13 - load_data() started
2026-06-02 13:19:32 - load_data() completed
2026-06-02 13:19:32 - clean_data() started
2026-06-02 13:19:39 - clean_data() completed
2026-06-02 13:19:39 - analyze_univariate_distributions() started
2026-06-02 13:19:57 - analyze_univariate_distributions() completed
2026-06-02 13:19:57 - analyze_bivariate_relationships() started
2026-06-02 13:22:40 - Analysis failed at 2026-06-02 13:22:40.594688: name 'day_names' is not defined
2026-06-02 13:22:40 - Traceback: Traceback (most recent call last):
  File "D:\github\Master_PFE_Project\CustomerDNA AI\src\EDA\Retailrocket_recommender_system_dataset_EDA\scripts\enhanced_retailrocket_eda.py", line 1424, in run_comprehensive_analysis
    if not self.analyze_bivariate_relationships():
           ~~~~~~~~~~~~~~~~~~~~~~~~~~~~~~~~~~~~^^
  File "D:\github\Master_PFE_Project\CustomerDNA AI\src\EDA\Retailrocket_recommender_system_dataset_EDA\scripts\enhanced_retailrocket_eda.py", line 654, in analyze_bivariate_relationships
    day_event_counts.index = day_names
                             ^^^^^^^^^
NameError: name 'day_names' is not defined

2026-06-02 13:24:00 - Analysis started at 2026-06-02 13:24:00.012798
2026-06-02 13:24:00 - load_data() started
2026-06-02 13:24:16 - load_data() completed
2026-06-02 13:24:16 - clean_data() started
2026-06-02 13:24:22 - clean_data() completed
2026-06-02 13:24:22 - analyze_univariate_distributions() started
2026-06-02 13:24:37 - analyze_univariate_distributions() completed
2026-06-02 13:24:37 - analyze_bivariate_relationships() started
2026-06-02 13:27:31 - Analysis failed at 2026-06-02 13:27:31.702110: name 'hour_counts' is not defined
2026-06-02 13:27:31 - Traceback: Traceback (most recent call last):
  File "D:\github\Master_PFE_Project\CustomerDNA AI\src\EDA\Retailrocket_recommender_system_dataset_EDA\scripts\enhanced_retailrocket_eda.py", line 1425, in run_comprehensive_analysis
    if not self.analyze_bivariate_relationships():
           ~~~~~~~~~~~~~~~~~~~~~~~~~~~~~~~~~~~~^^
  File "D:\github\Master_PFE_Project\CustomerDNA AI\src\EDA\Retailrocket_recommender_system_dataset_EDA\scripts\enhanced_retailrocket_eda.py", line 760, in analyze_bivariate_relationships
    'total_events_by_hour': hour_counts.to_dict(),
                            ^^^^^^^^^^^
NameError: name 'hour_counts' is not defined

2026-06-02 13:28:20 - Analysis started at 2026-06-02 13:28:20.594577
2026-06-02 13:28:20 - load_data() started
2026-06-02 13:28:39 - load_data() completed
2026-06-02 13:28:39 - clean_data() started
2026-06-02 13:28:47 - clean_data() completed
2026-06-02 13:28:47 - analyze_univariate_distributions() started
2026-06-02 13:29:02 - analyze_univariate_distributions() completed
2026-06-02 13:29:02 - analyze_bivariate_relationships() started
2026-06-02 13:31:47 - analyze_bivariate_relationships() completed
2026-06-02 13:31:48 - analyze_multivariate_patterns() started
2026-06-02 13:31:50 - analyze_multivariate_patterns() completed
2026-06-02 13:31:50 - analyze_category_hierarchy() started
2026-06-02 13:31:50 - analyze_category_hierarchy() completed
2026-06-02 13:31:50 - analyze_item_properties() started
2026-06-02 13:32:13 - analyze_item_properties() completed
2026-06-02 13:32:13 - generate_comprehensive_report() started
2026-06-02 13:32:13 - Analysis failed at 2026-06-02 13:32:13.913909: keys must be str, int, float, bool or None, not date
2026-06-02 13:32:14 - Traceback: Traceback (most recent call last):
  File "D:\github\Master_PFE_Project\CustomerDNA AI\src\EDA\Retailrocket_recommender_system_dataset_EDA\scripts\enhanced_retailrocket_eda.py", line 1444, in run_comprehensive_analysis
    if not self.generate_comprehensive_report():
           ~~~~~~~~~~~~~~~~~~~~~~~~~~~~~~~~~~^^
  File "D:\github\Master_PFE_Project\CustomerDNA AI\src\EDA\Retailrocket_recommender_system_dataset_EDA\scripts\enhanced_retailrocket_eda.py", line 1393, in generate_comprehensive_report
    json.dump(serializable_results, f, indent=2, default=str)
    ~~~~~~~~~^^^^^^^^^^^^^^^^^^^^^^^^^^^^^^^^^^^^^^^^^^^^^^^^
  File "C:\Users\aitlh\AppData\Local\Programs\Python\Python313\Lib\json\__init__.py", line 181, in dump
    for chunk in iterable:
                 ^^^^^^^^
  File "C:\Users\aitlh\AppData\Local\Programs\Python\Python313\Lib\json\encoder.py", line 435, in _iterencode
    yield from _iterencode_dict(o, _current_indent_level)
  File "C:\Users\aitlh\AppData\Local\Programs\Python\Python313\Lib\json\encoder.py", line 409, in _iterencode_dict
    yield from chunks
  File "C:\Users\aitlh\AppData\Local\Programs\Python\Python313\Lib\json\encoder.py", line 409, in _iterencode_dict
    yield from chunks
  File "C:\Users\aitlh\AppData\Local\Programs\Python\Python313\Lib\json\encoder.py", line 378, in _iterencode_dict
    raise TypeError(f'keys must be str, int, float, bool or None, '
                    f'not {key.__class__.__name__}')
TypeError: keys must be str, int, float, bool or None, not date

2026-06-02 13:32:52 - Analysis started at 2026-06-02 13:32:52.955381
2026-06-02 13:32:52 - load_data() started
2026-06-02 13:33:10 - load_data() completed
2026-06-02 13:33:11 - clean_data() started
2026-06-02 13:33:17 - clean_data() completed
2026-06-02 13:33:17 - analyze_univariate_distributions() started
2026-06-02 13:33:33 - analyze_univariate_distributions() completed
2026-06-02 13:33:33 - analyze_bivariate_relationships() started
2026-06-02 13:36:16 - analyze_bivariate_relationships() completed
2026-06-02 13:36:16 - analyze_multivariate_patterns() started
2026-06-02 13:36:18 - analyze_multivariate_patterns() completed
2026-06-02 13:36:18 - analyze_category_hierarchy() started
2026-06-02 13:36:18 - analyze_category_hierarchy() completed
2026-06-02 13:36:18 - analyze_item_properties() started
2026-06-02 13:36:35 - analyze_item_properties() completed
2026-06-02 13:36:35 - generate_comprehensive_report() started
2026-06-02 13:36:35 - generate_comprehensive_report() completed
2026-06-02 13:36:35 - Analysis completed successfully at 2026-06-02 13:36:35.347184
2026-06-02 13:36:35 - Total duration: 0:03:42.391803
