==================== 2026-06-20T14:49:30.758313Z | 1b49053f-9f62-4504-b596-813c8990e9f0 ====================
14:49:30.758440 [info ]: Starting dbt LSP server
14:49:30.758514 [info ]: Connecting to LSP client on port 8000
14:49:30.760281 [info ]: Successfully connected to LSP client
14:49:30.760299 [info ]: Creating LSP service...
14:49:30.822146 [info ]: Creating LSP server...
14:49:30.822170 [info ]: Starting LSP server...
14:49:30.838853 [info ]: Loading profiles.yml
14:49:30.841985 [error]: dbt1060: Ignored unexpected key `"docs"`. YAML path: `docs`.
  --> dbt_project.yml:98:1
14:49:30.842129 [error]: dbt1060: Ignored unexpected key `"log-format"`. YAML path: `log-format`.
  --> dbt_project.yml:103:1
14:49:30.842234 [error]: dbt1060: Ignored unexpected key `"use-colors"`. YAML path: `use-colors`.
  --> dbt_project.yml:104:1
14:49:30.842337 [error]: dbt1060: Ignored unexpected key `"debug"`. YAML path: `debug`.
  --> dbt_project.yml:105:1
14:49:30.842440 [error]: dbt1060: Ignored unexpected key `"send-anonymous-usage-stats"`. YAML path: `send-anonymous-usage-stats`.
  --> dbt_project.yml:106:1
14:49:30.855877 [info ]: Waiting for lease on 'target' directory
14:49:31.417465 [info ]: Started loading project
14:49:31.418257 [info ]: Loading profiles.yml
14:49:31.422997 [debug]:    Started loading packages
14:49:31.424209 [error]: dbt1060: Ignored unexpected key `"docs"`. YAML path: `docs`.
  --> dbt_project.yml:98:1
14:49:31.424458 [error]: dbt1060: Ignored unexpected key `"log-format"`. YAML path: `log-format`.
  --> dbt_project.yml:103:1
14:49:31.424654 [error]: dbt1060: Ignored unexpected key `"use-colors"`. YAML path: `use-colors`.
  --> dbt_project.yml:104:1
14:49:31.424840 [error]: dbt1060: Ignored unexpected key `"debug"`. YAML path: `debug`.
  --> dbt_project.yml:105:1
14:49:31.424997 [error]: dbt1060: Ignored unexpected key `"send-anonymous-usage-stats"`. YAML path: `send-anonymous-usage-stats`.
  --> dbt_project.yml:106:1
14:49:31.428249 [info ]: Started parsing
14:49:31.452573 [error]: dbt1013: Invalid seed definition `customerdna_client1.+materialized`: invalid type: string "table", expected struct ProjectSeedConfig at line 49 column 20
  --> dbt_project.yml:49:20
14:49:31.452770 [debug]:     Loaded [  0.03s] packages
14:49:31.452837 [info ]: Finished loading project [  0.04s]
14:49:31.456695 [debug]: Finished parsing models\sources.yml [  0.00s]
14:49:31.460692 [debug]: Finished parsing models\analytics\dim_customer.sql [  0.00s]
14:49:31.461490 [debug]: Finished parsing models\intermediate\int_customer_metrics.sql [  0.00s]
14:49:31.462023 [error]: dbt1060: Ignored unexpected key `"material_view"`. YAML path: `material_view`.
  --> models\staging\stg_ecommerce_customer_churn.sql:4:1
14:49:31.462236 [debug]: Finished parsing models\staging\stg_ecommerce_customer_churn.sql [  0.00s]
14:49:31.462993 [debug]: Finished parsing models\staging\stg_marketing_campaign.sql [  0.00s]
14:49:31.466779 [debug]: Finished parsing models\staging\stg_online_retail.sql [  0.00s]
14:49:31.468687 [debug]: Finished parsing tests\test_customer_data_quality.sql [  0.00s]
14:49:31.470779 [info ]: Finished parsing [  0.04s]
14:49:31.471467 [info ]: Cached model count updated: 5 models (estimate)
14:49:31.471486 [info ]: Cached model count updated: 5 models (accurate)
14:49:31.471629 [info ]: Started scheduling
14:49:31.472045 [info ]: Finished scheduling [  0.00s]
14:49:31.472086 [debug]: Compilation - 5 nodes selected: {"model.customerdna_client1.dim_customer", "model.customerdna_client1.int_customer_metrics", "model.customerdna_client1.stg_ecommerce_customer_churn", "model.customerdna_client1.stg_marketing_campaign", "model.customerdna_client1.stg_online_retail"}
14:49:31.472127 [info ]: Started scheduling
14:49:31.472188 [info ]: Finished scheduling [  0.00s]
14:49:31.472335 [debug]: Initializing schema store with entry: Frontier(CanonicalFqn { catalog: "client1_DW", schema: "raw_data", table: "online_retail" }) and interval: None
14:49:31.472418 [debug]: Initializing schema store with entry: Frontier(CanonicalFqn { catalog: "client1_DW", schema: "raw_data", table: "e_commerce_customer_churn" }) and interval: None
14:49:31.472444 [debug]: Initializing schema store with entry: Frontier(CanonicalFqn { catalog: "client1_DW", schema: "raw_data", table: "marketing_campaign" }) and interval: None
14:49:31.585531 [info ]: Started building task graph
14:49:31.585761 [info ]: Finished building task graph [  0.00s]
14:49:31.586127 [info ]: Started rendering (5 nodes)
14:49:31.586171 [info ]: Started model staging_analytics.dim_customer
14:49:31.586221 [debug]: Started rendering model staging_analytics.dim_customer
14:49:31.586262 [info ]: Started model staging_intermediate.int_customer_metrics
14:49:31.586271 [debug]: Started rendering model staging_intermediate.int_customer_metrics
14:49:31.586279 [info ]: Started model staging_staging.stg_online_retail
14:49:31.586284 [debug]: Started rendering model staging_staging.stg_online_retail
14:49:31.586292 [info ]: Started model staging_staging.stg_marketing_campaign
14:49:31.586297 [debug]: Started rendering model staging_staging.stg_marketing_campaign
14:49:31.586313 [info ]: Started model staging_staging.stg_ecommerce_customer_churn
14:49:31.586324 [debug]: Started rendering model staging_staging.stg_ecommerce_customer_churn
14:49:31.590455 [debug]: Compiled SQL for node model.customerdna_client1.dim_customer at target\.lsp\compiled\models\analytics\dim_customer.sql
14:49:31.590455 [debug]: Compiled SQL for node model.customerdna_client1.stg_online_retail at target\.lsp\compiled\models\staging\stg_online_retail.sql
14:49:31.590778 [debug]: Compiled SQL for node model.customerdna_client1.int_customer_metrics at target\.lsp\compiled\models\intermediate\int_customer_metrics.sql
14:49:31.590897 [debug]: Finished rendering [  0.00s] model staging_staging.stg_online_retail [success]
14:49:31.591001 [info ]: Started analyzing (5 nodes)
14:49:31.591030 [debug]: Started analyzing model staging_staging.stg_online_retail
14:49:31.591073 [debug]: Finished rendering [  0.00s] model staging_analytics.dim_customer [success]
14:49:31.591094 [debug]: Started analyzing model staging_analytics.dim_customer
14:49:31.591118 [debug]: Finished rendering [  0.00s] model staging_intermediate.int_customer_metrics [success]
14:49:31.591138 [debug]: Started analyzing model staging_intermediate.int_customer_metrics
14:49:31.591245 [debug]: Compiled SQL for node model.customerdna_client1.stg_ecommerce_customer_churn at target\.lsp\compiled\models\staging\stg_ecommerce_customer_churn.sql
14:49:31.591297 [info ]:  Succeeded [  0.00s] model staging_intermediate.int_customer_metrics (table)
14:49:31.591344 [debug]: Finished analyzing [  0.00s] model staging_intermediate.int_customer_metrics [success]
14:49:31.591381 [info ]:  Succeeded [  0.00s] model staging_staging.stg_online_retail (view)
14:49:31.591396 [debug]: Finished analyzing [  0.00s] model staging_staging.stg_online_retail [success]
14:49:31.591405 [info ]:  Succeeded [  0.00s] model staging_analytics.dim_customer (table)
14:49:31.591412 [debug]: Finished analyzing [  0.00s] model staging_analytics.dim_customer [success]
14:49:31.591422 [debug]: Finished rendering [  0.01s] model staging_staging.stg_ecommerce_customer_churn [success]
14:49:31.591433 [debug]: Started analyzing model staging_staging.stg_ecommerce_customer_churn
14:49:31.591487 [info ]:  Succeeded [  0.01s] model staging_staging.stg_ecommerce_customer_churn (view)
14:49:31.591501 [debug]: Finished analyzing [  0.00s] model staging_staging.stg_ecommerce_customer_churn [success]
14:49:31.591678 [debug]: Compiled SQL for node model.customerdna_client1.stg_marketing_campaign at target\.lsp\compiled\models\staging\stg_marketing_campaign.sql
14:49:31.591784 [debug]: Finished rendering [  0.01s] model staging_staging.stg_marketing_campaign [success]
14:49:31.591797 [info ]: Finished rendering [  0.01s] (5 nodes, 0 skipped, 0 errors)
14:49:31.591808 [debug]: Started analyzing model staging_staging.stg_marketing_campaign
14:49:31.591851 [info ]:  Succeeded [  0.01s] model staging_staging.stg_marketing_campaign (view)
14:49:31.591865 [debug]: Finished analyzing [  0.00s] model staging_staging.stg_marketing_campaign [success]
14:49:31.591869 [info ]: Finished analyzing [  0.00s] (5 nodes, 0 skipped, 0 errors)
14:49:31.595387 [info ]: Started scheduling
14:49:31.595473 [info ]: Finished scheduling [  0.00s]
14:49:31.596044 [info ]: Cached model count updated: 5 models (accurate)
14:49:33.145605 [info ]: Started loading project
14:49:33.146143 [info ]: Loading profiles.yml
14:49:33.147328 [error]: dbt1060: Ignored unexpected key `"docs"`. YAML path: `docs`.
  --> dbt_project.yml:98:1
14:49:33.147509 [error]: dbt1060: Ignored unexpected key `"log-format"`. YAML path: `log-format`.
  --> dbt_project.yml:103:1
14:49:33.147662 [error]: dbt1060: Ignored unexpected key `"use-colors"`. YAML path: `use-colors`.
  --> dbt_project.yml:104:1
14:49:33.147810 [error]: dbt1060: Ignored unexpected key `"debug"`. YAML path: `debug`.
  --> dbt_project.yml:105:1
14:49:33.147958 [error]: dbt1060: Ignored unexpected key `"send-anonymous-usage-stats"`. YAML path: `send-anonymous-usage-stats`.
  --> dbt_project.yml:106:1
14:49:33.165131 [info ]: Cached model count updated: 5 models (estimate)
14:49:33.165154 [info ]: Cached model count updated: 5 models (accurate)
14:49:33.165185 [info ]: Started scheduling
14:49:33.165346 [info ]: Finished scheduling [  0.00s]
14:49:33.165362 [debug]: Compilation - 5 nodes selected: {"model.customerdna_client1.dim_customer", "model.customerdna_client1.int_customer_metrics", "model.customerdna_client1.stg_ecommerce_customer_churn", "model.customerdna_client1.stg_marketing_campaign", "model.customerdna_client1.stg_online_retail"}
14:49:33.260171 [info ]: Started building task graph
14:49:33.260239 [info ]: Finished building task graph [  0.00s]
14:49:33.260350 [info ]: Started rendering (5 nodes)
14:49:33.260365 [info ]: Started model staging_analytics.dim_customer
14:49:33.260374 [debug]: Started rendering model staging_analytics.dim_customer
14:49:33.260393 [info ]: Started model staging_intermediate.int_customer_metrics
14:49:33.260401 [debug]: Started rendering model staging_intermediate.int_customer_metrics
14:49:33.260408 [info ]: Started model staging_staging.stg_online_retail
14:49:33.260412 [debug]: Started rendering model staging_staging.stg_online_retail
14:49:33.260420 [info ]: Started model staging_staging.stg_marketing_campaign
14:49:33.260425 [debug]: Started rendering model staging_staging.stg_marketing_campaign
14:49:33.260433 [info ]: Started model staging_staging.stg_ecommerce_customer_churn
14:49:33.260439 [debug]: Started rendering model staging_staging.stg_ecommerce_customer_churn
14:49:33.260458 [info ]: Finished loading project [  0.11s]
14:49:33.260791 [debug]: Compiled SQL for node model.customerdna_client1.stg_online_retail at target\.lsp\compiled\models\staging\stg_online_retail.sql
14:49:33.260796 [debug]: Compiled SQL for node model.customerdna_client1.stg_ecommerce_customer_churn at target\.lsp\compiled\models\staging\stg_ecommerce_customer_churn.sql
14:49:33.260799 [debug]: Compiled SQL for node model.customerdna_client1.stg_marketing_campaign at target\.lsp\compiled\models\staging\stg_marketing_campaign.sql
14:49:33.260806 [debug]: Compiled SQL for node model.customerdna_client1.dim_customer at target\.lsp\compiled\models\analytics\dim_customer.sql
14:49:33.260808 [debug]: Compiled SQL for node model.customerdna_client1.int_customer_metrics at target\.lsp\compiled\models\intermediate\int_customer_metrics.sql
14:49:33.260922 [debug]: Finished rendering [  0.00s] model staging_staging.stg_ecommerce_customer_churn [success]
14:49:33.260978 [info ]: Started analyzing (5 nodes)
14:49:33.260988 [debug]: Started analyzing model staging_staging.stg_ecommerce_customer_churn
14:49:33.261004 [debug]: Finished rendering [  0.00s] model staging_staging.stg_online_retail [success]
14:49:33.261015 [debug]: Started analyzing model staging_staging.stg_online_retail
14:49:33.261025 [debug]: Finished rendering [  0.00s] model staging_analytics.dim_customer [success]
14:49:33.261031 [debug]: Started analyzing model staging_analytics.dim_customer
14:49:33.261042 [debug]: Finished rendering [  0.00s] model staging_intermediate.int_customer_metrics [success]
14:49:33.261050 [debug]: Started analyzing model staging_intermediate.int_customer_metrics
14:49:33.261061 [debug]: Finished rendering [  0.00s] model staging_staging.stg_marketing_campaign [success]
14:49:33.261067 [info ]: Finished rendering [  0.00s] (5 nodes, 0 skipped, 0 errors)
14:49:33.261072 [debug]: Started analyzing model staging_staging.stg_marketing_campaign
14:49:33.261083 [info ]:  Succeeded [-------] model staging_staging.stg_ecommerce_customer_churn (view)
14:49:33.261093 [debug]: Finished analyzing [  0.00s] model staging_staging.stg_ecommerce_customer_churn [success]
14:49:33.261100 [info ]:  Succeeded [-------] model staging_staging.stg_online_retail (view)
14:49:33.261107 [debug]: Finished analyzing [  0.00s] model staging_staging.stg_online_retail [success]
14:49:33.261113 [info ]:  Succeeded [-------] model staging_analytics.dim_customer (table)
14:49:33.261118 [debug]: Finished analyzing [  0.00s] model staging_analytics.dim_customer [success]
14:49:33.261122 [info ]:  Succeeded [-------] model staging_intermediate.int_customer_metrics (table)
14:49:33.261127 [debug]: Finished analyzing [  0.00s] model staging_intermediate.int_customer_metrics [success]
14:49:33.261139 [info ]:  Succeeded [-------] model staging_staging.stg_marketing_campaign (view)
14:49:33.261148 [debug]: Finished analyzing [  0.00s] model staging_staging.stg_marketing_campaign [success]
14:49:33.261152 [info ]: Finished analyzing [  0.00s] (5 nodes, 0 skipped, 0 errors)
14:49:33.264318 [info ]: Started scheduling
14:49:33.264369 [info ]: Finished scheduling [  0.00s]
14:49:33.265442 [info ]: Cached model count updated: 5 models (accurate)
15:09:45.007141 [info ]: Loading profiles.yml
15:09:45.008401 [error]: dbt1060: Ignored unexpected key `"docs"`. YAML path: `docs`.
  --> dbt_project.yml:98:1
15:09:45.008551 [error]: dbt1060: Ignored unexpected key `"log-format"`. YAML path: `log-format`.
  --> dbt_project.yml:103:1
15:09:45.008664 [error]: dbt1060: Ignored unexpected key `"use-colors"`. YAML path: `use-colors`.
  --> dbt_project.yml:104:1
15:09:45.008768 [error]: dbt1060: Ignored unexpected key `"debug"`. YAML path: `debug`.
  --> dbt_project.yml:105:1
15:09:45.008871 [error]: dbt1060: Ignored unexpected key `"send-anonymous-usage-stats"`. YAML path: `send-anonymous-usage-stats`.
  --> dbt_project.yml:106:1
15:09:45.017493 [info ]: Started loading project
15:09:45.018149 [info ]: Loading profiles.yml
15:09:45.019272 [error]: dbt1060: Ignored unexpected key `"docs"`. YAML path: `docs`.
  --> dbt_project.yml:98:1
15:09:45.019471 [error]: dbt1060: Ignored unexpected key `"log-format"`. YAML path: `log-format`.
  --> dbt_project.yml:103:1
15:09:45.019707 [error]: dbt1060: Ignored unexpected key `"use-colors"`. YAML path: `use-colors`.
  --> dbt_project.yml:104:1
15:09:45.019899 [error]: dbt1060: Ignored unexpected key `"debug"`. YAML path: `debug`.
  --> dbt_project.yml:105:1
15:09:45.020100 [error]: dbt1060: Ignored unexpected key `"send-anonymous-usage-stats"`. YAML path: `send-anonymous-usage-stats`.
  --> dbt_project.yml:106:1
15:09:45.038739 [info ]: Cached model count updated: 5 models (accurate)
15:09:45.038771 [info ]: Finished loading project [  0.02s]
15:09:46.593367 [info ]: Started loading project
15:09:46.593942 [info ]: Loading profiles.yml
15:09:46.595020 [error]: dbt1060: Ignored unexpected key `"docs"`. YAML path: `docs`.
  --> dbt_project.yml:98:1
15:09:46.595199 [error]: dbt1060: Ignored unexpected key `"log-format"`. YAML path: `log-format`.
  --> dbt_project.yml:103:1
15:09:46.595377 [error]: dbt1060: Ignored unexpected key `"use-colors"`. YAML path: `use-colors`.
  --> dbt_project.yml:104:1
15:09:46.595547 [error]: dbt1060: Ignored unexpected key `"debug"`. YAML path: `debug`.
  --> dbt_project.yml:105:1
15:09:46.595723 [error]: dbt1060: Ignored unexpected key `"send-anonymous-usage-stats"`. YAML path: `send-anonymous-usage-stats`.
  --> dbt_project.yml:106:1
15:09:46.610938 [info ]: Cached model count updated: 5 models (estimate)
15:09:46.610959 [info ]: Cached model count updated: 5 models (accurate)
15:09:46.610989 [info ]: Started scheduling
15:09:46.611097 [info ]: Finished scheduling [  0.00s]
15:09:46.611113 [debug]: Compilation - 5 nodes selected: {"model.customerdna_client1.dim_customer", "model.customerdna_client1.int_customer_metrics", "model.customerdna_client1.stg_ecommerce_customer_churn", "model.customerdna_client1.stg_marketing_campaign", "model.customerdna_client1.stg_online_retail"}
15:09:46.701122 [info ]: Started building task graph
15:09:46.701200 [info ]: Finished building task graph [  0.00s]
15:09:46.701331 [info ]: Started rendering (5 nodes)
15:09:46.701347 [info ]: Started model staging_analytics.dim_customer
15:09:46.701360 [debug]: Started rendering model staging_analytics.dim_customer
15:09:46.701380 [info ]: Started model staging_intermediate.int_customer_metrics
15:09:46.701390 [debug]: Started rendering model staging_intermediate.int_customer_metrics
15:09:46.701402 [info ]: Started model staging_staging.stg_online_retail
15:09:46.701411 [debug]: Started rendering model staging_staging.stg_online_retail
15:09:46.701424 [info ]: Started model staging_staging.stg_marketing_campaign
15:09:46.701432 [info ]: Finished loading project [  0.11s]
15:09:46.701439 [debug]: Started rendering model staging_staging.stg_marketing_campaign
15:09:46.701457 [info ]: Started model staging_staging.stg_ecommerce_customer_churn
15:09:46.701471 [debug]: Started rendering model staging_staging.stg_ecommerce_customer_churn
15:09:46.702511 [debug]: Compiled SQL for node model.customerdna_client1.dim_customer at target\.lsp\compiled\models\analytics\dim_customer.sql
15:09:46.702511 [debug]: Compiled SQL for node model.customerdna_client1.stg_marketing_campaign at target\.lsp\compiled\models\staging\stg_marketing_campaign.sql
15:09:46.702539 [debug]: Compiled SQL for node model.customerdna_client1.stg_ecommerce_customer_churn at target\.lsp\compiled\models\staging\stg_ecommerce_customer_churn.sql
15:09:46.702556 [debug]: Compiled SQL for node model.customerdna_client1.int_customer_metrics at target\.lsp\compiled\models\intermediate\int_customer_metrics.sql
15:09:46.702563 [debug]: Compiled SQL for node model.customerdna_client1.stg_online_retail at target\.lsp\compiled\models\staging\stg_online_retail.sql
15:09:46.702582 [debug]: Finished rendering [  0.00s] model staging_analytics.dim_customer [success]
15:09:46.702608 [info ]: Started analyzing (5 nodes)
15:09:46.702618 [debug]: Started analyzing model staging_analytics.dim_customer
15:09:46.702634 [debug]: Finished rendering [  0.00s] model staging_staging.stg_marketing_campaign [success]
15:09:46.702644 [debug]: Started analyzing model staging_staging.stg_marketing_campaign
15:09:46.702657 [debug]: Finished rendering [  0.00s] model staging_staging.stg_ecommerce_customer_churn [success]
15:09:46.702665 [debug]: Started analyzing model staging_staging.stg_ecommerce_customer_churn
15:09:46.702677 [debug]: Finished rendering [  0.00s] model staging_intermediate.int_customer_metrics [success]
15:09:46.702685 [debug]: Started analyzing model staging_intermediate.int_customer_metrics
15:09:46.702697 [debug]: Finished rendering [  0.00s] model staging_staging.stg_online_retail [success]
15:09:46.702703 [info ]: Finished rendering [  0.00s] (5 nodes, 0 skipped, 0 errors)
15:09:46.702709 [debug]: Started analyzing model staging_staging.stg_online_retail
15:09:46.702720 [info ]:  Succeeded [  0.00s] model staging_analytics.dim_customer (table)
15:09:46.702731 [debug]: Finished analyzing [  0.00s] model staging_analytics.dim_customer [success]
15:09:46.702737 [info ]:  Succeeded [  0.00s] model staging_staging.stg_marketing_campaign (view)
15:09:46.702743 [debug]: Finished analyzing [  0.00s] model staging_staging.stg_marketing_campaign [success]
15:09:46.702749 [info ]:  Succeeded [  0.00s] model staging_staging.stg_ecommerce_customer_churn (view)
15:09:46.702757 [debug]: Finished analyzing [  0.00s] model staging_staging.stg_ecommerce_customer_churn [success]
15:09:46.702764 [info ]:  Succeeded [  0.00s] model staging_intermediate.int_customer_metrics (table)
15:09:46.702769 [debug]: Finished analyzing [  0.00s] model staging_intermediate.int_customer_metrics [success]
15:09:46.702783 [info ]:  Succeeded [  0.00s] model staging_staging.stg_online_retail (view)
15:09:46.702791 [debug]: Finished analyzing [  0.00s] model staging_staging.stg_online_retail [success]
15:09:46.702795 [info ]: Finished analyzing [  0.00s] (5 nodes, 0 skipped, 0 errors)
15:09:46.705983 [info ]: Started scheduling
15:09:46.706031 [info ]: Finished scheduling [  0.00s]
15:09:46.706979 [info ]: Cached model count updated: 5 models (accurate)
15:22:59.831880 [info ]: Loading profiles.yml
15:22:59.833535 [error]: dbt1060: Ignored unexpected key `"docs"`. YAML path: `docs`.
  --> dbt_project.yml:98:1
15:22:59.833682 [error]: dbt1060: Ignored unexpected key `"log-format"`. YAML path: `log-format`.
  --> dbt_project.yml:103:1
15:22:59.833856 [error]: dbt1060: Ignored unexpected key `"use-colors"`. YAML path: `use-colors`.
  --> dbt_project.yml:104:1
15:22:59.834049 [error]: dbt1060: Ignored unexpected key `"debug"`. YAML path: `debug`.
  --> dbt_project.yml:105:1
15:22:59.834189 [error]: dbt1060: Ignored unexpected key `"send-anonymous-usage-stats"`. YAML path: `send-anonymous-usage-stats`.
  --> dbt_project.yml:106:1
15:22:59.846172 [info ]: Started loading project
15:22:59.847099 [info ]: Loading profiles.yml
15:22:59.848906 [error]: dbt1060: Ignored unexpected key `"docs"`. YAML path: `docs`.
  --> dbt_project.yml:98:1
15:22:59.849120 [error]: dbt1060: Ignored unexpected key `"log-format"`. YAML path: `log-format`.
  --> dbt_project.yml:103:1
15:22:59.849319 [error]: dbt1060: Ignored unexpected key `"use-colors"`. YAML path: `use-colors`.
  --> dbt_project.yml:104:1
15:22:59.849494 [error]: dbt1060: Ignored unexpected key `"debug"`. YAML path: `debug`.
  --> dbt_project.yml:105:1
15:22:59.849666 [error]: dbt1060: Ignored unexpected key `"send-anonymous-usage-stats"`. YAML path: `send-anonymous-usage-stats`.
  --> dbt_project.yml:106:1
15:22:59.870224 [info ]: Cached model count updated: 5 models (accurate)
15:22:59.870261 [info ]: Finished loading project [  0.02s]
15:23:01.413891 [info ]: Started loading project
15:23:01.414401 [info ]: Loading profiles.yml
15:23:01.415487 [error]: dbt1060: Ignored unexpected key `"docs"`. YAML path: `docs`.
  --> dbt_project.yml:98:1
15:23:01.415658 [error]: dbt1060: Ignored unexpected key `"log-format"`. YAML path: `log-format`.
  --> dbt_project.yml:103:1
15:23:01.415841 [error]: dbt1060: Ignored unexpected key `"use-colors"`. YAML path: `use-colors`.
  --> dbt_project.yml:104:1
15:23:01.415997 [error]: dbt1060: Ignored unexpected key `"debug"`. YAML path: `debug`.
  --> dbt_project.yml:105:1
15:23:01.416156 [error]: dbt1060: Ignored unexpected key `"send-anonymous-usage-stats"`. YAML path: `send-anonymous-usage-stats`.
  --> dbt_project.yml:106:1
15:23:01.432040 [info ]: Cached model count updated: 5 models (estimate)
15:23:01.432062 [info ]: Cached model count updated: 5 models (accurate)
15:23:01.432094 [info ]: Started scheduling
15:23:01.432170 [info ]: Finished scheduling [  0.00s]
15:23:01.432184 [debug]: Compilation - 5 nodes selected: {"model.customerdna_client1.dim_customer", "model.customerdna_client1.int_customer_metrics", "model.customerdna_client1.stg_ecommerce_customer_churn", "model.customerdna_client1.stg_marketing_campaign", "model.customerdna_client1.stg_online_retail"}
15:23:01.523866 [info ]: Started building task graph
15:23:01.523938 [info ]: Finished building task graph [  0.00s]
15:23:01.524061 [info ]: Started rendering (5 nodes)
15:23:01.524076 [info ]: Started model staging_analytics.dim_customer
15:23:01.524089 [debug]: Started rendering model staging_analytics.dim_customer
15:23:01.524108 [info ]: Started model staging_intermediate.int_customer_metrics
15:23:01.524115 [debug]: Started rendering model staging_intermediate.int_customer_metrics
15:23:01.524122 [info ]: Started model staging_staging.stg_online_retail
15:23:01.524130 [debug]: Started rendering model staging_staging.stg_online_retail
15:23:01.524138 [info ]: Started model staging_staging.stg_marketing_campaign
15:23:01.524143 [debug]: Started rendering model staging_staging.stg_marketing_campaign
15:23:01.524151 [info ]: Started model staging_staging.stg_ecommerce_customer_churn
15:23:01.524153 [info ]: Finished loading project [  0.11s]
15:23:01.524158 [debug]: Started rendering model staging_staging.stg_ecommerce_customer_churn
15:23:01.524723 [debug]: Compiled SQL for node model.customerdna_client1.int_customer_metrics at target\.lsp\compiled\models\intermediate\int_customer_metrics.sql
15:23:01.524757 [debug]: Compiled SQL for node model.customerdna_client1.dim_customer at target\.lsp\compiled\models\analytics\dim_customer.sql
15:23:01.524764 [debug]: Compiled SQL for node model.customerdna_client1.stg_ecommerce_customer_churn at target\.lsp\compiled\models\staging\stg_ecommerce_customer_churn.sql
15:23:01.524763 [debug]: Compiled SQL for node model.customerdna_client1.stg_online_retail at target\.lsp\compiled\models\staging\stg_online_retail.sql
15:23:01.524787 [debug]: Compiled SQL for node model.customerdna_client1.stg_marketing_campaign at target\.lsp\compiled\models\staging\stg_marketing_campaign.sql
15:23:01.524814 [debug]: Finished rendering [  0.00s] model staging_intermediate.int_customer_metrics [success]
15:23:01.524840 [info ]: Started analyzing (5 nodes)
15:23:01.524848 [debug]: Started analyzing model staging_intermediate.int_customer_metrics
15:23:01.524869 [debug]: Finished rendering [  0.00s] model staging_analytics.dim_customer [success]
15:23:01.524880 [debug]: Started analyzing model staging_analytics.dim_customer
15:23:01.524894 [debug]: Finished rendering [  0.00s] model staging_staging.stg_ecommerce_customer_churn [success]
15:23:01.524904 [debug]: Started analyzing model staging_staging.stg_ecommerce_customer_churn
15:23:01.524916 [debug]: Finished rendering [  0.00s] model staging_staging.stg_online_retail [success]
15:23:01.524925 [debug]: Started analyzing model staging_staging.stg_online_retail
15:23:01.524936 [debug]: Finished rendering [  0.00s] model staging_staging.stg_marketing_campaign [success]
15:23:01.524942 [info ]: Finished rendering [  0.00s] (5 nodes, 0 skipped, 0 errors)
15:23:01.524949 [debug]: Started analyzing model staging_staging.stg_marketing_campaign
15:23:01.524962 [info ]:  Succeeded [-------] model staging_intermediate.int_customer_metrics (table)
15:23:01.524974 [debug]: Finished analyzing [  0.00s] model staging_intermediate.int_customer_metrics [success]
15:23:01.524981 [info ]:  Succeeded [-------] model staging_analytics.dim_customer (table)
15:23:01.524990 [debug]: Finished analyzing [  0.00s] model staging_analytics.dim_customer [success]
15:23:01.524996 [info ]:  Succeeded [-------] model staging_staging.stg_ecommerce_customer_churn (view)
15:23:01.525005 [debug]: Finished analyzing [  0.00s] model staging_staging.stg_ecommerce_customer_churn [success]
15:23:01.525012 [info ]:  Succeeded [-------] model staging_staging.stg_online_retail (view)
15:23:01.525020 [debug]: Finished analyzing [  0.00s] model staging_staging.stg_online_retail [success]
15:23:01.525034 [info ]:  Succeeded [-------] model staging_staging.stg_marketing_campaign (view)
15:23:01.525044 [debug]: Finished analyzing [  0.00s] model staging_staging.stg_marketing_campaign [success]
15:23:01.525048 [info ]: Finished analyzing [  0.00s] (5 nodes, 0 skipped, 0 errors)
15:23:01.530177 [info ]: Started scheduling
15:23:01.530244 [info ]: Finished scheduling [  0.00s]
15:23:01.531362 [info ]: Cached model count updated: 5 models (accurate)
15:23:51.324432 [info ]: Loading profiles.yml
15:23:51.325634 [error]: dbt1060: Ignored unexpected key `"docs"`. YAML path: `docs`.
  --> dbt_project.yml:98:1
15:23:51.325774 [error]: dbt1060: Ignored unexpected key `"log-format"`. YAML path: `log-format`.
  --> dbt_project.yml:103:1
15:23:51.325892 [error]: dbt1060: Ignored unexpected key `"use-colors"`. YAML path: `use-colors`.
  --> dbt_project.yml:104:1
15:23:51.326002 [error]: dbt1060: Ignored unexpected key `"debug"`. YAML path: `debug`.
  --> dbt_project.yml:105:1
15:23:51.326109 [error]: dbt1060: Ignored unexpected key `"send-anonymous-usage-stats"`. YAML path: `send-anonymous-usage-stats`.
  --> dbt_project.yml:106:1
15:23:51.335886 [info ]: Started loading project
15:23:51.336680 [info ]: Loading profiles.yml
15:23:51.338112 [error]: dbt1060: Ignored unexpected key `"docs"`. YAML path: `docs`.
  --> dbt_project.yml:98:1
15:23:51.338315 [error]: dbt1060: Ignored unexpected key `"log-format"`. YAML path: `log-format`.
  --> dbt_project.yml:103:1
15:23:51.338487 [error]: dbt1060: Ignored unexpected key `"use-colors"`. YAML path: `use-colors`.
  --> dbt_project.yml:104:1
15:23:51.338653 [error]: dbt1060: Ignored unexpected key `"debug"`. YAML path: `debug`.
  --> dbt_project.yml:105:1
15:23:51.338835 [error]: dbt1060: Ignored unexpected key `"send-anonymous-usage-stats"`. YAML path: `send-anonymous-usage-stats`.
  --> dbt_project.yml:106:1
15:23:51.360626 [info ]: Cached model count updated: 5 models (accurate)
15:23:51.360671 [info ]: Finished loading project [  0.02s]
15:23:52.903816 [info ]: Started loading project
15:23:52.904355 [info ]: Loading profiles.yml
15:23:52.905479 [error]: dbt1060: Ignored unexpected key `"docs"`. YAML path: `docs`.
  --> dbt_project.yml:98:1
15:23:52.905652 [error]: dbt1060: Ignored unexpected key `"log-format"`. YAML path: `log-format`.
  --> dbt_project.yml:103:1
15:23:52.905823 [error]: dbt1060: Ignored unexpected key `"use-colors"`. YAML path: `use-colors`.
  --> dbt_project.yml:104:1
15:23:52.905979 [error]: dbt1060: Ignored unexpected key `"debug"`. YAML path: `debug`.
  --> dbt_project.yml:105:1
15:23:52.906133 [error]: dbt1060: Ignored unexpected key `"send-anonymous-usage-stats"`. YAML path: `send-anonymous-usage-stats`.
  --> dbt_project.yml:106:1
15:23:52.924963 [info ]: Cached model count updated: 5 models (estimate)
15:23:52.924988 [info ]: Cached model count updated: 5 models (accurate)
15:23:52.925024 [info ]: Started scheduling
15:23:52.925107 [info ]: Finished scheduling [  0.00s]
15:23:52.925124 [debug]: Compilation - 5 nodes selected: {"model.customerdna_client1.dim_customer", "model.customerdna_client1.int_customer_metrics", "model.customerdna_client1.stg_ecommerce_customer_churn", "model.customerdna_client1.stg_marketing_campaign", "model.customerdna_client1.stg_online_retail"}
15:23:53.026771 [info ]: Started building task graph
15:23:53.026953 [info ]: Finished building task graph [  0.00s]
15:23:53.027333 [info ]: Started rendering (5 nodes)
15:23:53.027383 [info ]: Started model staging_analytics.dim_customer
15:23:53.027419 [debug]: Started rendering model staging_analytics.dim_customer
15:23:53.027481 [info ]: Started model staging_intermediate.int_customer_metrics
15:23:53.027501 [debug]: Started rendering model staging_intermediate.int_customer_metrics
15:23:53.027523 [info ]: Started model staging_staging.stg_online_retail
15:23:53.027535 [debug]: Started rendering model staging_staging.stg_online_retail
15:23:53.027560 [info ]: Started model staging_staging.stg_marketing_campaign
15:23:53.027577 [debug]: Started rendering model staging_staging.stg_marketing_campaign
15:23:53.027583 [info ]: Finished loading project [  0.12s]
15:23:53.027607 [info ]: Started model staging_staging.stg_ecommerce_customer_churn
15:23:53.027620 [debug]: Started rendering model staging_staging.stg_ecommerce_customer_churn
15:23:53.028353 [debug]: Compiled SQL for node model.customerdna_client1.dim_customer at target\.lsp\compiled\models\analytics\dim_customer.sql
15:23:53.028353 [debug]: Compiled SQL for node model.customerdna_client1.stg_online_retail at target\.lsp\compiled\models\staging\stg_online_retail.sql
15:23:53.028373 [debug]: Compiled SQL for node model.customerdna_client1.stg_marketing_campaign at target\.lsp\compiled\models\staging\stg_marketing_campaign.sql
15:23:53.028393 [debug]: Compiled SQL for node model.customerdna_client1.int_customer_metrics at target\.lsp\compiled\models\intermediate\int_customer_metrics.sql
15:23:53.028428 [debug]: Compiled SQL for node model.customerdna_client1.stg_ecommerce_customer_churn at target\.lsp\compiled\models\staging\stg_ecommerce_customer_churn.sql
15:23:53.028514 [debug]: Finished rendering [  0.00s] model staging_staging.stg_online_retail [success]
15:23:53.028544 [info ]: Started analyzing (5 nodes)
15:23:53.028554 [debug]: Started analyzing model staging_staging.stg_online_retail
15:23:53.028570 [debug]: Finished rendering [  0.00s] model staging_analytics.dim_customer [success]
15:23:53.028581 [debug]: Started analyzing model staging_analytics.dim_customer
15:23:53.028593 [debug]: Finished rendering [  0.00s] model staging_staging.stg_marketing_campaign [success]
15:23:53.028602 [debug]: Started analyzing model staging_staging.stg_marketing_campaign
15:23:53.028614 [debug]: Finished rendering [  0.00s] model staging_intermediate.int_customer_metrics [success]
15:23:53.028623 [debug]: Started analyzing model staging_intermediate.int_customer_metrics
15:23:53.028635 [debug]: Finished rendering [  0.00s] model staging_staging.stg_ecommerce_customer_churn [success]
15:23:53.028641 [info ]: Finished rendering [  0.00s] (5 nodes, 0 skipped, 0 errors)
15:23:53.028646 [debug]: Started analyzing model staging_staging.stg_ecommerce_customer_churn
15:23:53.028658 [info ]:  Succeeded [-------] model staging_staging.stg_online_retail (view)
15:23:53.028674 [debug]: Finished analyzing [  0.00s] model staging_staging.stg_online_retail [success]
15:23:53.028681 [info ]:  Succeeded [  0.00s] model staging_analytics.dim_customer (table)
15:23:53.028689 [debug]: Finished analyzing [  0.00s] model staging_analytics.dim_customer [success]
15:23:53.028695 [info ]:  Succeeded [  0.00s] model staging_staging.stg_marketing_campaign (view)
15:23:53.028701 [debug]: Finished analyzing [  0.00s] model staging_staging.stg_marketing_campaign [success]
15:23:53.028707 [info ]:  Succeeded [  0.00s] model staging_intermediate.int_customer_metrics (table)
15:23:53.028715 [debug]: Finished analyzing [  0.00s] model staging_intermediate.int_customer_metrics [success]
15:23:53.028728 [info ]:  Succeeded [  0.00s] model staging_staging.stg_ecommerce_customer_churn (view)
15:23:53.028738 [debug]: Finished analyzing [  0.00s] model staging_staging.stg_ecommerce_customer_churn [success]
15:23:53.028741 [info ]: Finished analyzing [  0.00s] (5 nodes, 0 skipped, 0 errors)
15:23:53.031890 [info ]: Started scheduling
15:23:53.031944 [info ]: Finished scheduling [  0.00s]
15:23:53.033668 [info ]: Cached model count updated: 5 models (accurate)
15:24:22.715869 [info ]: Loading profiles.yml
15:24:22.717067 [error]: dbt1060: Ignored unexpected key `"docs"`. YAML path: `docs`.
  --> dbt_project.yml:98:1
15:24:22.717177 [error]: dbt1060: Ignored unexpected key `"log-format"`. YAML path: `log-format`.
  --> dbt_project.yml:103:1
15:24:22.717276 [error]: dbt1060: Ignored unexpected key `"use-colors"`. YAML path: `use-colors`.
  --> dbt_project.yml:104:1
15:24:22.717388 [error]: dbt1060: Ignored unexpected key `"debug"`. YAML path: `debug`.
  --> dbt_project.yml:105:1
15:24:22.717489 [error]: dbt1060: Ignored unexpected key `"send-anonymous-usage-stats"`. YAML path: `send-anonymous-usage-stats`.
  --> dbt_project.yml:106:1
15:24:22.725815 [info ]: Started loading project
15:24:22.726457 [info ]: Loading profiles.yml
15:24:22.727662 [error]: dbt1060: Ignored unexpected key `"docs"`. YAML path: `docs`.
  --> dbt_project.yml:98:1
15:24:22.727841 [error]: dbt1060: Ignored unexpected key `"log-format"`. YAML path: `log-format`.
  --> dbt_project.yml:103:1
15:24:22.728096 [error]: dbt1060: Ignored unexpected key `"use-colors"`. YAML path: `use-colors`.
  --> dbt_project.yml:104:1
15:24:22.728421 [error]: dbt1060: Ignored unexpected key `"debug"`. YAML path: `debug`.
  --> dbt_project.yml:105:1
15:24:22.728627 [error]: dbt1060: Ignored unexpected key `"send-anonymous-usage-stats"`. YAML path: `send-anonymous-usage-stats`.
  --> dbt_project.yml:106:1
15:24:22.746593 [info ]: Cached model count updated: 5 models (accurate)
15:24:22.746624 [info ]: Finished loading project [  0.02s]
15:24:24.287518 [info ]: Started loading project
15:24:24.288032 [info ]: Loading profiles.yml
15:24:24.289092 [error]: dbt1060: Ignored unexpected key `"docs"`. YAML path: `docs`.
  --> dbt_project.yml:98:1
15:24:24.289263 [error]: dbt1060: Ignored unexpected key `"log-format"`. YAML path: `log-format`.
  --> dbt_project.yml:103:1
15:24:24.289420 [error]: dbt1060: Ignored unexpected key `"use-colors"`. YAML path: `use-colors`.
  --> dbt_project.yml:104:1
15:24:24.289573 [error]: dbt1060: Ignored unexpected key `"debug"`. YAML path: `debug`.
  --> dbt_project.yml:105:1
15:24:24.289718 [error]: dbt1060: Ignored unexpected key `"send-anonymous-usage-stats"`. YAML path: `send-anonymous-usage-stats`.
  --> dbt_project.yml:106:1
15:24:24.306085 [info ]: Cached model count updated: 5 models (estimate)
15:24:24.306105 [info ]: Cached model count updated: 5 models (accurate)
15:24:24.306133 [info ]: Started scheduling
15:24:24.306202 [info ]: Finished scheduling [  0.00s]
15:24:24.306216 [debug]: Compilation - 5 nodes selected: {"model.customerdna_client1.dim_customer", "model.customerdna_client1.int_customer_metrics", "model.customerdna_client1.stg_ecommerce_customer_churn", "model.customerdna_client1.stg_marketing_campaign", "model.customerdna_client1.stg_online_retail"}
15:24:24.399291 [info ]: Started building task graph
15:24:24.399363 [info ]: Finished building task graph [  0.00s]
15:24:24.399487 [info ]: Started rendering (5 nodes)
15:24:24.399501 [info ]: Started model staging_analytics.dim_customer
15:24:24.399512 [debug]: Started rendering model staging_analytics.dim_customer
15:24:24.399531 [info ]: Started model staging_intermediate.int_customer_metrics
15:24:24.399538 [debug]: Started rendering model staging_intermediate.int_customer_metrics
15:24:24.399545 [info ]: Started model staging_staging.stg_online_retail
15:24:24.399550 [debug]: Started rendering model staging_staging.stg_online_retail
15:24:24.399557 [info ]: Started model staging_staging.stg_marketing_campaign
15:24:24.399563 [debug]: Started rendering model staging_staging.stg_marketing_campaign
15:24:24.399571 [info ]: Started model staging_staging.stg_ecommerce_customer_churn
15:24:24.399579 [debug]: Started rendering model staging_staging.stg_ecommerce_customer_churn
15:24:24.399583 [info ]: Finished loading project [  0.11s]
15:24:24.400129 [debug]: Compiled SQL for node model.customerdna_client1.stg_marketing_campaign at target\.lsp\compiled\models\staging\stg_marketing_campaign.sql
15:24:24.400134 [debug]: Compiled SQL for node model.customerdna_client1.stg_online_retail at target\.lsp\compiled\models\staging\stg_online_retail.sql
15:24:24.400149 [debug]: Compiled SQL for node model.customerdna_client1.dim_customer at target\.lsp\compiled\models\analytics\dim_customer.sql
15:24:24.400164 [debug]: Compiled SQL for node model.customerdna_client1.int_customer_metrics at target\.lsp\compiled\models\intermediate\int_customer_metrics.sql
15:24:24.400207 [debug]: Compiled SQL for node model.customerdna_client1.stg_ecommerce_customer_churn at target\.lsp\compiled\models\staging\stg_ecommerce_customer_churn.sql
15:24:24.400276 [debug]: Finished rendering [  0.00s] model staging_staging.stg_online_retail [success]
15:24:24.400303 [info ]: Started analyzing (5 nodes)
15:24:24.400313 [debug]: Started analyzing model staging_staging.stg_online_retail
15:24:24.400328 [debug]: Finished rendering [  0.00s] model staging_staging.stg_marketing_campaign [success]
15:24:24.400337 [debug]: Started analyzing model staging_staging.stg_marketing_campaign
15:24:24.400347 [debug]: Finished rendering [  0.00s] model staging_analytics.dim_customer [success]
15:24:24.400356 [debug]: Started analyzing model staging_analytics.dim_customer
15:24:24.400365 [debug]: Finished rendering [  0.00s] model staging_intermediate.int_customer_metrics [success]
15:24:24.400373 [debug]: Started analyzing model staging_intermediate.int_customer_metrics
15:24:24.400384 [debug]: Finished rendering [  0.00s] model staging_staging.stg_ecommerce_customer_churn [success]
15:24:24.400390 [info ]: Finished rendering [  0.00s] (5 nodes, 0 skipped, 0 errors)
15:24:24.400395 [debug]: Started analyzing model staging_staging.stg_ecommerce_customer_churn
15:24:24.400404 [info ]:  Succeeded [-------] model staging_staging.stg_online_retail (view)
15:24:24.400414 [debug]: Finished analyzing [  0.00s] model staging_staging.stg_online_retail [success]
15:24:24.400421 [info ]:  Succeeded [-------] model staging_staging.stg_marketing_campaign (view)
15:24:24.400429 [debug]: Finished analyzing [  0.00s] model staging_staging.stg_marketing_campaign [success]
15:24:24.400434 [info ]:  Succeeded [-------] model staging_analytics.dim_customer (table)
15:24:24.400439 [debug]: Finished analyzing [  0.00s] model staging_analytics.dim_customer [success]
15:24:24.400445 [info ]:  Succeeded [-------] model staging_intermediate.int_customer_metrics (table)
15:24:24.400450 [debug]: Finished analyzing [  0.00s] model staging_intermediate.int_customer_metrics [success]
15:24:24.400462 [info ]:  Succeeded [-------] model staging_staging.stg_ecommerce_customer_churn (view)
15:24:24.400473 [debug]: Finished analyzing [  0.00s] model staging_staging.stg_ecommerce_customer_churn [success]
15:24:24.400476 [info ]: Finished analyzing [  0.00s] (5 nodes, 0 skipped, 0 errors)
15:24:24.403454 [info ]: Started scheduling
15:24:24.403513 [info ]: Finished scheduling [  0.00s]
15:24:24.404980 [info ]: Cached model count updated: 5 models (accurate)
15:24:58.203572 [info ]: Started loading project
15:24:58.204718 [info ]: Loading profiles.yml
15:24:58.208824 [info ]: Started loading project
15:24:58.209454 [info ]: Loading profiles.yml
15:24:58.209567 [info ]: Finished loading project [  0.01s]
15:24:58.213089 [debug]:    Started loading packages
15:24:58.215725 [debug]:     Loaded [  0.00s] packages
15:24:58.216569 [info ]: Started parsing
15:24:58.252223 [info ]: Finished loading project [  0.04s]
15:24:58.253992 [debug]: Finished parsing models\sources.yml [  0.00s]
15:24:58.256666 [debug]: Finished parsing models\analytics\dim_customer.sql [  0.00s]
15:24:58.257652 [debug]: Finished parsing models\intermediate\int_customer_metrics.sql [  0.00s]
15:24:58.258890 [error]: dbt1060: Ignored unexpected key `"material_view"`. YAML path: `material_view`.
  --> models\staging\stg_ecommerce_customer_churn.sql:4:1
15:24:58.259148 [debug]: Finished parsing models\staging\stg_ecommerce_customer_churn.sql [  0.00s]
15:24:58.260445 [debug]: Finished parsing models\staging\stg_marketing_campaign.sql [  0.00s]
15:24:58.263533 [debug]: Finished parsing models\staging\stg_online_retail.sql [  0.00s]
15:24:58.265157 [debug]: Finished parsing tests\test_customer_data_quality.sql [  0.00s]
15:24:58.266850 [info ]: Finished parsing [  0.05s]
15:24:58.267446 [info ]: Cached model count updated: 5 models (estimate)
15:24:58.267465 [info ]: Cached model count updated: 5 models (accurate)
15:24:58.267501 [info ]: Started scheduling
15:24:58.267550 [info ]: Finished scheduling [  0.00s]
15:24:58.267562 [debug]: Compilation - 0 nodes selected: {}
15:24:58.267590 [warn ]: dbt1600: The selection criterion '' does not match any enabled nodes
15:24:58.267598 [warn ]: dbt1601: Nothing to do. Try checking your model configs and model specification args
15:24:58.267604 [info ]: Started scheduling
15:24:58.267661 [info ]: Finished scheduling [  0.00s]
15:24:58.267712 [debug]: Initializing schema store with entry: Frontier(CanonicalFqn { catalog: "client1_DW", schema: "raw_data", table: "e_commerce_customer_churn" }) and interval: None
15:24:58.267783 [debug]: Initializing schema store with entry: Frontier(CanonicalFqn { catalog: "client1_DW", schema: "raw_data", table: "marketing_campaign" }) and interval: None
15:24:58.267813 [debug]: Initializing schema store with entry: Frontier(CanonicalFqn { catalog: "client1_DW", schema: "raw_data", table: "online_retail" }) and interval: None
15:24:58.368264 [info ]: Started building task graph
15:24:58.368296 [info ]: Finished building task graph [  0.00s]
15:24:58.371290 [info ]: Started scheduling
15:24:58.371336 [info ]: Finished scheduling [  0.00s]
15:24:58.371737 [info ]: Cached model count updated: 5 models (accurate)
15:24:58.638288 [info ]: Waiting for lease on 'target' directory
15:24:58.747795 [info ]: Loading profiles.yml
15:24:58.757111 [info ]: Started loading project
15:24:58.758094 [info ]: Loading profiles.yml
15:24:58.779533 [info ]: Finished loading project [  0.02s]
15:24:58.779788 [info ]: Cached model count updated: 5 models (accurate)
15:25:00.323675 [info ]: Started loading project
15:25:00.324337 [info ]: Loading profiles.yml
15:25:00.351991 [info ]: Cached model count updated: 5 models (estimate)
15:25:00.352027 [info ]: Cached model count updated: 5 models (accurate)
15:25:00.352084 [info ]: Started scheduling
15:25:00.352208 [info ]: Finished scheduling [  0.00s]
15:25:00.352228 [debug]: Compilation - 5 nodes selected: {"model.customerdna_client1.dim_customer", "model.customerdna_client1.int_customer_metrics", "model.customerdna_client1.stg_ecommerce_customer_churn", "model.customerdna_client1.stg_marketing_campaign", "model.customerdna_client1.stg_online_retail"}
15:25:00.492490 [info ]: Started building task graph
15:25:00.492663 [info ]: Finished building task graph [  0.00s]
15:25:00.492966 [info ]: Started rendering (5 nodes)
15:25:00.492993 [info ]: Started model staging_analytics.dim_customer
15:25:00.493014 [debug]: Started rendering model staging_analytics.dim_customer
15:25:00.493051 [info ]: Started model staging_intermediate.int_customer_metrics
15:25:00.493068 [debug]: Started rendering model staging_intermediate.int_customer_metrics
15:25:00.493091 [info ]: Started model staging_staging.stg_online_retail
15:25:00.493108 [debug]: Started rendering model staging_staging.stg_online_retail
15:25:00.493146 [info ]: Started model staging_staging.stg_marketing_campaign
15:25:00.493138 [info ]: Finished loading project [  0.17s]
15:25:00.493163 [debug]: Started rendering model staging_staging.stg_marketing_campaign
15:25:00.493224 [info ]: Started model staging_staging.stg_ecommerce_customer_churn
15:25:00.493241 [debug]: Started rendering model staging_staging.stg_ecommerce_customer_churn
15:25:00.494988 [debug]: Compiled SQL for node model.customerdna_client1.dim_customer at target\.lsp\compiled\models\analytics\dim_customer.sql
15:25:00.495060 [debug]: Compiled SQL for node model.customerdna_client1.int_customer_metrics at target\.lsp\compiled\models\intermediate\int_customer_metrics.sql
15:25:00.495104 [debug]: Compiled SQL for node model.customerdna_client1.stg_online_retail at target\.lsp\compiled\models\staging\stg_online_retail.sql
15:25:00.495266 [debug]: Compiled SQL for node model.customerdna_client1.stg_marketing_campaign at target\.lsp\compiled\models\staging\stg_marketing_campaign.sql
15:25:00.495260 [debug]: Finished rendering [  0.00s] model staging_analytics.dim_customer [success]
15:25:00.495317 [info ]: Started analyzing (5 nodes)
15:25:00.495340 [debug]: Started analyzing model staging_analytics.dim_customer
15:25:00.495368 [debug]: Finished rendering [  0.00s] model staging_intermediate.int_customer_metrics [success]
15:25:00.495396 [debug]: Started analyzing model staging_intermediate.int_customer_metrics
15:25:00.495424 [debug]: Finished rendering [  0.00s] model staging_staging.stg_online_retail [success]
15:25:00.495430 [debug]: Compiled SQL for node model.customerdna_client1.stg_ecommerce_customer_churn at target\.lsp\compiled\models\staging\stg_ecommerce_customer_churn.sql
15:25:00.495442 [debug]: Started analyzing model staging_staging.stg_online_retail
15:25:00.495466 [debug]: Finished rendering [  0.00s] model staging_staging.stg_marketing_campaign [success]
15:25:00.495479 [debug]: Started analyzing model staging_staging.stg_marketing_campaign
15:25:00.495498 [info ]:  Succeeded [  0.00s] model staging_analytics.dim_customer (table)
15:25:00.495524 [debug]: Finished analyzing [  0.00s] model staging_analytics.dim_customer [success]
15:25:00.495538 [info ]:  Succeeded [  0.00s] model staging_intermediate.int_customer_metrics (table)
15:25:00.495548 [debug]: Finished analyzing [  0.00s] model staging_intermediate.int_customer_metrics [success]
15:25:00.495560 [debug]: Finished rendering [  0.00s] model staging_staging.stg_ecommerce_customer_churn [success]
15:25:00.495565 [info ]: Finished rendering [  0.00s] (5 nodes, 0 skipped, 0 errors)
15:25:00.495572 [debug]: Started analyzing model staging_staging.stg_ecommerce_customer_churn
15:25:00.495590 [info ]:  Succeeded [  0.00s] model staging_staging.stg_online_retail (view)
15:25:00.495604 [debug]: Finished analyzing [  0.00s] model staging_staging.stg_online_retail [success]
15:25:00.495616 [info ]:  Succeeded [  0.00s] model staging_staging.stg_marketing_campaign (view)
15:25:00.495629 [debug]: Finished analyzing [  0.00s] model staging_staging.stg_marketing_campaign [success]
15:25:00.495656 [info ]:  Succeeded [  0.00s] model staging_staging.stg_ecommerce_customer_churn (view)
15:25:00.495675 [debug]: Finished analyzing [  0.00s] model staging_staging.stg_ecommerce_customer_churn [success]
15:25:00.495680 [info ]: Finished analyzing [  0.00s] (5 nodes, 0 skipped, 0 errors)
15:25:00.500528 [info ]: Started scheduling
15:25:00.500650 [info ]: Finished scheduling [  0.00s]
15:25:00.502520 [info ]: Cached model count updated: 5 models (accurate)
