[0m16:05:15.038876 [debug] [MainThread]: Sending event: {'category': 'dbt', 'action': 'invocation', 'label': 'start', 'context': [<snowplow_tracker.self_describing_json.SelfDescribingJson object at 0x000001FCCAEECA90>, <snowplow_tracker.self_describing_json.SelfDescribingJson object at 0x000001FCCAEECC10>, <snowplow_tracker.self_describing_json.SelfDescribingJson object at 0x000001FCCADDC590>]}


============================== 16:05:15.042922 | 0c53b6d9-44d8-4aca-b061-bc664a0d8ba7 ==============================
[0m16:05:15.042922 [info ] [MainThread]: Running with dbt=1.12.0-b3
[0m16:05:15.042922 [debug] [MainThread]: running dbt with arguments {'maximum_seed_size_mib': '1', 'no_print': 'None', 'version_check': 'True', 'warn_error_options': 'WarnErrorOptionsV2(error=[], warn=[], silence=[])', 'target_path': 'None', 'static_parser': 'True', 'printer_width': '80', 'write_json': 'True', 'introspect': 'True', 'log_cache_events': 'False', 'empty': 'None', 'cache_selected_only': 'False', 'log_format': 'default', 'debug': 'False', 'fail_fast': 'False', 'profiles_dir': 'C:\\Users\\aitlh\\.dbt', 'send_anonymous_usage_stats': 'True', 'quiet': 'False', 'warn_error': 'None', 'partial_parse': 'True', 'invocation_command': 'dbt debug', 'use_colors': 'True', 'indirect_selection': 'eager', 'use_experimental_parser': 'False', 'log_path': 'logs'}
[0m16:05:15.054530 [info ] [MainThread]: dbt version: 1.12.0-b3
[0m16:05:15.055530 [info ] [MainThread]: python version: 3.11.9
[0m16:05:15.055530 [info ] [MainThread]: python path: D:\github\Master_PFE_Project\.venv\Scripts\python.exe
[0m16:05:15.056531 [info ] [MainThread]: os info: Windows-10-10.0.26200-SP0
[0m16:05:15.056531 [info ] [MainThread]: Using profiles dir at C:\Users\aitlh\.dbt
[0m16:05:15.057531 [info ] [MainThread]: Using profiles.yml file at C:\Users\aitlh\.dbt\profiles.yml
[0m16:05:15.057531 [info ] [MainThread]: Using dbt_project.yml file at D:\github\Master_PFE_Project\dbt_project.yml
[0m16:05:15.058736 [info ] [MainThread]: Configuration:
[0m16:05:15.058736 [info ] [MainThread]:   profiles.yml file [[31mERROR not found[0m]
[0m16:05:15.058736 [info ] [MainThread]:   dbt_project.yml file [[31mERROR not found[0m]
[0m16:05:15.059741 [info ] [MainThread]: Required dependencies:
[0m16:05:15.060245 [debug] [MainThread]: Executing "git --help"
[0m16:05:15.095700 [debug] [MainThread]: STDOUT: "b"usage: git [-v | --version] [-h | --help] [-C <path>] [-c <name>=<value>]\n           [--exec-path[=<path>]] [--html-path] [--man-path] [--info-path]\n           [-p | --paginate | -P | --no-pager] [--no-replace-objects] [--no-lazy-fetch]\n           [--no-optional-locks] [--no-advice] [--bare] [--git-dir=<path>]\n           [--work-tree=<path>] [--namespace=<name>] [--config-env=<name>=<envvar>]\n           <command> [<args>]\n\nThese are common Git commands used in various situations:\n\nstart a working area (see also: git help tutorial)\n   clone      Clone a repository into a new directory\n   init       Create an empty Git repository or reinitialize an existing one\n\nwork on the current change (see also: git help everyday)\n   add        Add file contents to the index\n   mv         Move or rename a file, a directory, or a symlink\n   restore    Restore working tree files\n   rm         Remove files from the working tree and from the index\n\nexamine the history and state (see also: git help revisions)\n   bisect     Use binary search to find the commit that introduced a bug\n   diff       Show changes between commits, commit and working tree, etc\n   grep       Print lines matching a pattern\n   log        Show commit logs\n   show       Show various types of objects\n   status     Show the working tree status\n\ngrow, mark and tweak your common history\n   backfill   Download missing objects in a partial clone\n   branch     List, create, or delete branches\n   commit     Record changes to the repository\n   merge      Join two or more development histories together\n   rebase     Reapply commits on top of another base tip\n   reset      Reset current HEAD to the specified state\n   switch     Switch branches\n   tag        Create, list, delete or verify tags\n\ncollaborate (see also: git help workflows)\n   fetch      Download objects and refs from another repository\n   pull       Fetch from and integrate with another repository or a local branch\n   push       Update remote refs along with associated objects\n\n'git help -a' and 'git help -g' list available subcommands and some\nconcept guides. See 'git help <command>' or 'git help <concept>'\nto read about a specific subcommand or concept.\nSee 'git help git' for an overview of the system.\n""
[0m16:05:15.095700 [debug] [MainThread]: STDERR: "b''"
[0m16:05:15.097205 [info ] [MainThread]:  - git [[32mOK found[0m]

[0m16:05:15.097205 [info ] [MainThread]: Connection test skipped since no profile was found
[0m16:05:15.098738 [info ] [MainThread]: [31m2 checks failed:[0m
[0m16:05:15.098738 [info ] [MainThread]: dbt looked for a profiles.yml file in C:\Users\aitlh\.dbt\profiles.yml, but did
not find one. For more information on configuring your profile, consult the
documentation:

https://docs.getdbt.com/docs/configure-your-profile


[0m16:05:15.098738 [info ] [MainThread]: Project loading failed for the following reason:
 project path <D:\github\Master_PFE_Project\dbt_project.yml> not found

[0m16:05:15.100774 [debug] [MainThread]: Command `dbt debug` failed at 16:05:15.100250 after 0.15 seconds
[0m16:05:15.100774 [debug] [MainThread]: Sending event: {'category': 'dbt', 'action': 'invocation', 'label': 'end', 'context': [<snowplow_tracker.self_describing_json.SelfDescribingJson object at 0x000001FCCAEB8E50>, <snowplow_tracker.self_describing_json.SelfDescribingJson object at 0x000001FCCAEAA290>, <snowplow_tracker.self_describing_json.SelfDescribingJson object at 0x000001FCCAEA6D90>]}
[0m16:05:15.101960 [debug] [MainThread]: Flushing usage events
[0m16:05:16.948910 [debug] [MainThread]: An error was encountered while trying to flush usage events
==================== 2026-06-20T15:10:10.479932Z | 019ee595-0a2c-7a52-811d-90b736d50516 ====================
15:10:10.480058 [info ]: dbt-fusion 2.0.0-preview.172
15:10:10.480319 [info ]: Started loading project
15:10:10.483551 [info ]: Loading ~/.dbt/profiles.yml
15:10:10.485253 [info ]: Finished loading project [  0.00s]
15:10:10.485320 [info ]: Started debugging
15:10:10.485352 [info ]: Debugging profile: dev
15:10:10.485370 [info ]: Debugging dbt version: 2.0.0-preview.172
15:10:10.485387 [info ]: Debugging platform: windows x86_64 (windows)
15:10:10.485402 [info ]: Debugging adapter type: postgres (remote)
15:10:10.533776 [info ]: Debugging dependencies:
  git: OK
15:10:10.533865 [info ]: Debugging connection:
  "port": 5440,
  "database": "client1_DW",
  "schema": "staging",
  "keepalives_idle": 0,
  "retries": 1,
  "host": "localhost",
  "user": "postgres"
15:10:10.534035 [info ]: Finished debugging [  0.05s]
15:10:10.534087 [error]: dbt1011: dbt was unable to connect to the specified database.
The following error was returned:

Serde YAML Error: missing field `password`

Check your database credentials and try again. For more information, visit:
https://docs.getdbt.com/docs/core/connect-data-platform/connection-profiles
15:10:11.257733 [info ]: New version available 2.0.0-preview.190 (run `dbt system update`)
15:10:11.371885 [info ]: 
==================== Execution Summary =====================
Finished 'debug' with 1 error for target 'dev' [891ms]
==================== 2026-06-20T15:18:05.449522Z | 019ee59c-4986-7aa2-92f8-3aa43281b44d ====================
15:18:05.449620 [info ]: dbt-fusion 2.0.0-preview.172
15:18:05.449856 [info ]: Started loading project
15:18:05.452934 [info ]: Loading ~/.dbt/profiles.yml
15:18:05.453900 [info ]: Finished loading project [  0.00s]
15:18:05.453948 [info ]: Started debugging
15:18:05.453970 [info ]: Debugging profile: dev
15:18:05.453990 [info ]: Debugging dbt version: 2.0.0-preview.172
15:18:05.454002 [info ]: Debugging platform: windows x86_64 (windows)
15:18:05.454013 [info ]: Debugging adapter type: postgres (remote)
15:18:05.499433 [info ]: Debugging dependencies:
  git: OK
15:18:05.499515 [info ]: Debugging connection:
  "port": 5440,
  "database": "client1_DW",
  "schema": "staging",
  "keepalives_idle": 0,
  "retries": 1,
  "host": "localhost",
  "user": "postgres"
15:18:21.793371 [info ]: Finished debugging [ 16.34s]
15:18:21.793425 [error]: dbt1011: dbt was unable to connect to the specified database.
The following error was returned:

Unable to create directory C:\Users\aitlh\AppData\Local\com.getdbt\adbc\x86_64-pc-windows-msvc: Access is denied. (os error 5)

Check your database credentials and try again. For more information, visit:
https://docs.getdbt.com/docs/core/connect-data-platform/connection-profiles
15:18:25.082688 [info ]: New version available 2.0.0-preview.190 (run `dbt system update`)
15:18:25.170144 [info ]: 
==================== Execution Summary =====================
Finished 'debug' with 1 error for target 'dev' [19.7s]
==================== 2026-06-20T15:18:50.273911Z | 019ee59c-f8a0-7003-a677-a675cd8dd7c2 ====================
15:18:50.274033 [info ]: dbt-fusion 2.0.0-preview.172
15:18:50.274488 [info ]: Started loading project
15:18:50.277425 [info ]: Loading ~/.dbt/profiles.yml
15:18:50.278082 [info ]: Finished loading project [  0.00s]
15:18:50.278206 [info ]: Started debugging
15:18:50.278292 [info ]: Debugging profile: dev
15:18:50.278412 [info ]: Debugging dbt version: 2.0.0-preview.172
15:18:50.278530 [info ]: Debugging platform: windows x86_64 (windows)
15:18:50.278647 [info ]: Debugging adapter type: postgres (remote)
15:18:50.319447 [info ]: Debugging dependencies:
  git: OK
15:18:50.319680 [info ]: Debugging connection:
  "port": 5440,
  "database": "client1_DW",
  "schema": "staging",
  "keepalives_idle": 0,
  "retries": 1,
  "host": "localhost",
  "user": "postgres"
15:18:51.293311 [debug]: Query executed on node unknown:
select 1 as id
15:18:51.293443 [info ]: Debugging connection test: OK
15:18:51.293783 [info ]: Debugged All checks passed!
15:18:51.294079 [info ]: Finished debugging [  1.02s]
15:18:51.871375 [info ]: New version available 2.0.0-preview.190 (run `dbt system update`)
15:18:52.309359 [info ]: 
==================== Execution Summary =====================
Finished 'debug' successfully for target 'dev' [2.0s]
==================== 2026-06-20T15:19:54.694841Z | 019ee59d-f443-7fc0-8a2f-c84c0ec30f6b ====================
15:19:54.694940 [info ]: dbt-fusion 2.0.0-preview.172
15:19:54.695173 [info ]: Started loading project
15:19:54.698314 [info ]: Loading ~/.dbt/profiles.yml
15:19:54.703283 [debug]:    Started loading packages
15:19:54.704549 [error]: dbt1060: Ignored unexpected key `"docs"`. YAML path: `docs`.
  --> dbt_project.yml:98:1
15:19:54.704802 [error]: dbt1060: Ignored unexpected key `"log-format"`. YAML path: `log-format`.
  --> dbt_project.yml:103:1
15:19:54.705026 [error]: dbt1060: Ignored unexpected key `"use-colors"`. YAML path: `use-colors`.
  --> dbt_project.yml:104:1
15:19:54.705253 [error]: dbt1060: Ignored unexpected key `"debug"`. YAML path: `debug`.
  --> dbt_project.yml:105:1
15:19:54.705472 [error]: dbt1060: Ignored unexpected key `"send-anonymous-usage-stats"`. YAML path: `send-anonymous-usage-stats`.
  --> dbt_project.yml:106:1
15:19:54.708712 [debug]:     Loaded [  0.01s] packages
15:19:54.709317 [info ]: Finished loading project [  0.01s]
15:19:55.379592 [info ]: New version available 2.0.0-preview.190 (run `dbt system update`)
15:19:55.639916 [info ]: suggestion: Run 'dbt deps' to see the latest fusion compatible packages. For compatibility errors, try the autofix script: https://github.com/dbt-labs/dbt-autofix
15:19:55.639916 [info ]: 
==================== Execution Summary =====================
Finished 'compile' with 5 errors for target 'dev' [945ms]
==================== 2026-06-20T15:23:27.799598Z | 019ee5a1-34b4-71e1-8bfc-458e5e048327 ====================
15:23:27.799698 [info ]: dbt-fusion 2.0.0-preview.172
15:23:27.799938 [info ]: Started loading project
15:23:27.803295 [info ]: Loading ~/.dbt/profiles.yml
15:23:27.808499 [debug]:    Started loading packages
15:23:27.812437 [debug]:     Loaded [  0.00s] packages
15:23:27.813041 [info ]: Finished loading project [  0.01s]
15:23:27.813484 [info ]: Started parsing
15:23:27.833561 [error]: dbt1013: Invalid seed definition `customerdna_client1.+materialized`: invalid type: string "table", expected struct ProjectSeedConfig at line 50 column 20
  --> dbt_project.yml:50:20
15:23:27.838772 [info ]: Finished parsing [  0.03s]
15:23:33.412743 [info ]: New version available 2.0.0-preview.190 (run `dbt system update`)
15:23:34.723916 [info ]: suggestion: Run 'dbt deps' to see the latest fusion compatible packages. For compatibility errors, try the autofix script: https://github.com/dbt-labs/dbt-autofix
15:23:34.723916 [info ]: 
==================== Execution Summary =====================
Finished 'compile' with 1 error for target 'dev' [6.9s]
==================== 2026-06-20T15:24:02.632933Z | 019ee5a1-bcc6-7422-b672-6bd04b111e09 ====================
15:24:02.633032 [info ]: dbt-fusion 2.0.0-preview.172
15:24:02.633267 [info ]: Started loading project
15:24:02.636336 [info ]: Loading ~/.dbt/profiles.yml
15:24:02.641335 [debug]:    Started loading packages
15:24:02.644883 [debug]:     Loaded [  0.00s] packages
15:24:02.645449 [info ]: Finished loading project [  0.01s]
15:24:02.645875 [info ]: Started parsing
15:24:02.666520 [error]: dbt1013: Invalid seed definition `customerdna_client1.+materialized`: invalid type: string "table", expected struct ProjectSeedConfig at line 35 column 20
  --> dbt_project.yml:35:20
15:24:02.670813 [info ]: Finished parsing [  0.02s]
15:24:03.172347 [info ]: New version available 2.0.0-preview.190 (run `dbt system update`)
15:24:03.495207 [info ]: suggestion: Run 'dbt deps' to see the latest fusion compatible packages. For compatibility errors, try the autofix script: https://github.com/dbt-labs/dbt-autofix
15:24:03.495207 [info ]: 
==================== Execution Summary =====================
Finished 'compile' with 1 error for target 'dev' [862ms]
==================== 2026-06-20T15:24:36.354602Z | 019ee5a2-407f-7b22-8b1e-0639ab677e74 ====================
15:24:36.354710 [info ]: dbt-fusion 2.0.0-preview.172
15:24:36.354969 [info ]: Started loading project
15:24:36.359654 [info ]: Loading ~/.dbt/profiles.yml
15:24:36.366286 [debug]:    Started loading packages
15:24:36.370352 [debug]:     Loaded [  0.00s] packages
15:24:36.370992 [info ]: Finished loading project [  0.02s]
15:24:36.371513 [info ]: Started parsing
15:24:36.397331 [info ]: Finished parsing [  0.03s]
15:24:36.398040 [info ]: Started scheduling
15:24:36.398078 [info ]: Finished scheduling [  0.00s]
15:24:36.398120 [warn ]: dbt1601: Nothing to do. Try checking your model configs and model specification args
15:24:36.477898 [info ]: Started building task graph
15:24:36.477961 [info ]: Finished building task graph [  0.00s]
15:24:36.995534 [info ]: New version available 2.0.0-preview.190 (run `dbt system update`)
15:24:37.100437 [info ]: 
==================== Execution Summary =====================
Finished 'compile' with 1 warning for target 'dev' [745ms]
==================== 2026-06-20T15:25:08.210323Z | 019ee5a2-bcef-7fe1-b630-6710152dd9ad ====================
15:25:08.210422 [info ]: dbt-fusion 2.0.0-preview.172
15:25:08.210707 [info ]: Started loading project
15:25:08.214255 [info ]: Loading ~/.dbt/profiles.yml
15:25:08.219788 [debug]:    Started loading packages
15:25:08.223456 [debug]:     Loaded [  0.00s] packages
15:25:08.224097 [info ]: Finished loading project [  0.01s]
15:25:08.224561 [info ]: Started parsing
15:25:08.252330 [info ]: Finished parsing [  0.03s]
15:25:08.253034 [info ]: Started scheduling
15:25:08.253071 [info ]: Finished scheduling [  0.00s]
15:25:08.253100 [warn ]: dbt1600: The selection criterion 'fqn:stg_marketing_campaign' does not match any enabled nodes
15:25:08.253125 [warn ]: dbt1601: Nothing to do. Try checking your model configs and model specification args
15:25:09.972573 [info ]: New version available 2.0.0-preview.190 (run `dbt system update`)
15:25:10.379546 [info ]: 
==================== Execution Summary =====================
Finished 'run' with 2 warnings for target 'dev' [2.2s]
==================== 2026-06-20T15:25:41.299211Z | 019ee5a3-3e2f-7382-a04c-c34219697ebc ====================
15:25:41.299340 [info ]: dbt-fusion 2.0.0-preview.172
15:25:41.299657 [info ]: Started loading project
15:25:41.304196 [info ]: Loading ~/.dbt/profiles.yml
15:25:41.310374 [debug]:    Started loading packages
15:25:41.314396 [debug]:     Loaded [  0.00s] packages
15:25:41.315127 [info ]: Finished loading project [  0.02s]
15:25:41.315664 [info ]: Started parsing
15:25:41.343218 [info ]: Finished parsing [  0.03s]
15:25:41.344044 [info ]: Started scheduling
15:25:41.344075 [info ]: Finished scheduling [  0.00s]
15:25:48.255302 [info ]: New version available 2.0.0-preview.190 (run `dbt system update`)
15:25:49.215954 [info ]: 
==================== Execution Summary =====================
Finished 'list' successfully for target 'dev' [7.9s]
[0m16:27:29.384183 [debug] [MainThread]: Sending event: {'category': 'dbt', 'action': 'invocation', 'label': 'start', 'context': [<snowplow_tracker.self_describing_json.SelfDescribingJson object at 0x000001D534911010>, <snowplow_tracker.self_describing_json.SelfDescribingJson object at 0x000001D534907750>, <snowplow_tracker.self_describing_json.SelfDescribingJson object at 0x000001D534906350>]}


============================== 16:27:29.391690 | 03a4f499-89dc-426b-9e2f-1f1978f5030a ==============================
[0m16:27:29.391690 [info ] [MainThread]: Running with dbt=1.12.0-b3
[0m16:27:29.392692 [debug] [MainThread]: running dbt with arguments {'version_check': 'True', 'no_print': 'None', 'static_parser': 'True', 'warn_error_options': 'WarnErrorOptionsV2(error=[], warn=[], silence=[])', 'target_path': 'None', 'maximum_seed_size_mib': '1', 'printer_width': '80', 'write_json': 'True', 'empty': 'None', 'log_cache_events': 'False', 'introspect': 'True', 'cache_selected_only': 'False', 'log_format': 'default', 'debug': 'False', 'fail_fast': 'False', 'partial_parse': 'True', 'send_anonymous_usage_stats': 'True', 'quiet': 'False', 'warn_error': 'None', 'profiles_dir': 'C:\\Users\\aitlh\\.dbt', 'indirect_selection': 'eager', 'use_colors': 'True', 'invocation_command': 'dbt debug', 'use_experimental_parser': 'False', 'log_path': 'D:\\github\\Master_PFE_Project\\logs'}
[0m16:27:29.436716 [info ] [MainThread]: dbt version: 1.12.0-b3
[0m16:27:29.437712 [info ] [MainThread]: python version: 3.11.9
[0m16:27:29.439235 [info ] [MainThread]: python path: D:\github\Master_PFE_Project\.venv\Scripts\python.exe
[0m16:27:29.439235 [info ] [MainThread]: os info: Windows-10-10.0.26200-SP0
[0m16:27:29.524807 [info ] [MainThread]: Using profiles dir at C:\Users\aitlh\.dbt
[0m16:27:29.526313 [info ] [MainThread]: Using profiles.yml file at C:\Users\aitlh\.dbt\profiles.yml
[0m16:27:29.527322 [info ] [MainThread]: Using dbt_project.yml file at D:\github\Master_PFE_Project\dbt_project.yml
[0m16:27:29.528322 [info ] [MainThread]: adapter type: postgres
[0m16:27:29.529323 [info ] [MainThread]: adapter version: 1.10.1
[0m16:27:29.625855 [info ] [MainThread]: Configuration:
[0m16:27:29.625855 [info ] [MainThread]:   profiles.yml file [[32mOK found and valid[0m]
[0m16:27:29.626855 [info ] [MainThread]:   dbt_project.yml file [[32mOK found and valid[0m]
[0m16:27:29.626855 [info ] [MainThread]: Required dependencies:
[0m16:27:29.627853 [debug] [MainThread]: Executing "git --help"
[0m16:27:29.665503 [debug] [MainThread]: STDOUT: "b"usage: git [-v | --version] [-h | --help] [-C <path>] [-c <name>=<value>]\n           [--exec-path[=<path>]] [--html-path] [--man-path] [--info-path]\n           [-p | --paginate | -P | --no-pager] [--no-replace-objects] [--no-lazy-fetch]\n           [--no-optional-locks] [--no-advice] [--bare] [--git-dir=<path>]\n           [--work-tree=<path>] [--namespace=<name>] [--config-env=<name>=<envvar>]\n           <command> [<args>]\n\nThese are common Git commands used in various situations:\n\nstart a working area (see also: git help tutorial)\n   clone      Clone a repository into a new directory\n   init       Create an empty Git repository or reinitialize an existing one\n\nwork on the current change (see also: git help everyday)\n   add        Add file contents to the index\n   mv         Move or rename a file, a directory, or a symlink\n   restore    Restore working tree files\n   rm         Remove files from the working tree and from the index\n\nexamine the history and state (see also: git help revisions)\n   bisect     Use binary search to find the commit that introduced a bug\n   diff       Show changes between commits, commit and working tree, etc\n   grep       Print lines matching a pattern\n   log        Show commit logs\n   show       Show various types of objects\n   status     Show the working tree status\n\ngrow, mark and tweak your common history\n   backfill   Download missing objects in a partial clone\n   branch     List, create, or delete branches\n   commit     Record changes to the repository\n   merge      Join two or more development histories together\n   rebase     Reapply commits on top of another base tip\n   reset      Reset current HEAD to the specified state\n   switch     Switch branches\n   tag        Create, list, delete or verify tags\n\ncollaborate (see also: git help workflows)\n   fetch      Download objects and refs from another repository\n   pull       Fetch from and integrate with another repository or a local branch\n   push       Update remote refs along with associated objects\n\n'git help -a' and 'git help -g' list available subcommands and some\nconcept guides. See 'git help <command>' or 'git help <concept>'\nto read about a specific subcommand or concept.\nSee 'git help git' for an overview of the system.\n""
[0m16:27:29.666504 [debug] [MainThread]: STDERR: "b''"
[0m16:27:29.667505 [info ] [MainThread]:  - git [[32mOK found[0m]

[0m16:27:29.668503 [info ] [MainThread]: Connection:
[0m16:27:29.669504 [info ] [MainThread]:   host: localhost
[0m16:27:29.669504 [info ] [MainThread]:   port: 5440
[0m16:27:29.670502 [info ] [MainThread]:   user: postgres
[0m16:27:29.671007 [info ] [MainThread]:   database: client1_DW
[0m16:27:29.671521 [info ] [MainThread]:   schema: staging
[0m16:27:29.671521 [info ] [MainThread]:   connect_timeout: 10
[0m16:27:29.671521 [info ] [MainThread]:   role: None
[0m16:27:29.673045 [info ] [MainThread]:   search_path: None
[0m16:27:29.674061 [info ] [MainThread]:   keepalives_idle: 0
[0m16:27:29.674061 [info ] [MainThread]:   sslmode: None
[0m16:27:29.675054 [info ] [MainThread]:   sslcert: None
[0m16:27:29.675558 [info ] [MainThread]:   sslkey: None
[0m16:27:29.676567 [info ] [MainThread]:   sslrootcert: None
[0m16:27:29.677238 [info ] [MainThread]:   application_name: dbt
[0m16:27:29.678245 [info ] [MainThread]:   retries: 1
[0m16:27:29.679247 [info ] [MainThread]: Registered adapter: postgres=1.10.1
[0m16:27:29.955845 [debug] [MainThread]: Acquiring new postgres connection 'debug'
[0m16:27:30.169638 [debug] [MainThread]: Using postgres connection "debug"
[0m16:27:30.170639 [debug] [MainThread]: On debug: select 1 as id
[0m16:27:30.170639 [debug] [MainThread]: Opening a new connection, currently in state init
[0m16:27:30.221345 [debug] [MainThread]: SQL status: SELECT 1 in 0.050 seconds
[0m16:27:30.222850 [debug] [MainThread]: On debug: Close
[0m16:27:30.222850 [info ] [MainThread]:   Connection test: [[32mOK connection ok[0m]

[0m16:27:30.223859 [info ] [MainThread]: [32mAll checks passed![0m
[0m16:27:30.225858 [debug] [MainThread]: Command `dbt debug` succeeded at 16:27:30.224860 after 0.96 seconds
[0m16:27:30.226361 [debug] [MainThread]: Connection 'debug' was properly closed.
[0m16:27:30.227366 [debug] [MainThread]: Sending event: {'category': 'dbt', 'action': 'invocation', 'label': 'end', 'context': [<snowplow_tracker.self_describing_json.SelfDescribingJson object at 0x000001D534D02050>, <snowplow_tracker.self_describing_json.SelfDescribingJson object at 0x000001D534836ED0>, <snowplow_tracker.self_describing_json.SelfDescribingJson object at 0x000001D5348EB390>]}
[0m16:27:30.227366 [debug] [MainThread]: Flushing usage events
[0m16:27:31.081690 [debug] [MainThread]: An error was encountered while trying to flush usage events
[0m16:31:01.781868 [debug] [MainThread]: Sending event: {'category': 'dbt', 'action': 'invocation', 'label': 'start', 'context': [<snowplow_tracker.self_describing_json.SelfDescribingJson object at 0x0000014BE87210D0>, <snowplow_tracker.self_describing_json.SelfDescribingJson object at 0x0000014BE8721A90>, <snowplow_tracker.self_describing_json.SelfDescribingJson object at 0x0000014BE8720DD0>]}


============================== 16:31:01.785385 | f459d7e4-c006-4880-8fd6-0846c9bd53b9 ==============================
[0m16:31:01.785385 [info ] [MainThread]: Running with dbt=1.12.0-b3
[0m16:31:01.786889 [debug] [MainThread]: running dbt with arguments {'version_check': 'True', 'no_print': 'None', 'static_parser': 'True', 'target_path': 'None', 'maximum_seed_size_mib': '1', 'warn_error_options': 'WarnErrorOptionsV2(error=[], warn=[], silence=[])', 'printer_width': '80', 'write_json': 'True', 'empty': 'False', 'log_cache_events': 'False', 'introspect': 'True', 'cache_selected_only': 'False', 'log_format': 'default', 'debug': 'False', 'fail_fast': 'False', 'profiles_dir': 'C:\\Users\\aitlh\\.dbt', 'send_anonymous_usage_stats': 'True', 'quiet': 'False', 'warn_error': 'None', 'partial_parse': 'True', 'use_colors': 'True', 'indirect_selection': 'eager', 'invocation_command': 'dbt compile', 'use_experimental_parser': 'False', 'log_path': 'D:\\github\\Master_PFE_Project\\logs'}
[0m16:31:01.940891 [debug] [MainThread]: Sending event: {'category': 'dbt', 'action': 'project_id', 'label': 'f459d7e4-c006-4880-8fd6-0846c9bd53b9', 'context': [<snowplow_tracker.self_describing_json.SelfDescribingJson object at 0x0000014BE8980E50>]}
[0m16:31:01.992837 [debug] [MainThread]: Sending event: {'category': 'dbt', 'action': 'adapter_info', 'label': 'f459d7e4-c006-4880-8fd6-0846c9bd53b9', 'context': [<snowplow_tracker.self_describing_json.SelfDescribingJson object at 0x0000014BE3A89C10>]}
[0m16:31:01.995360 [info ] [MainThread]: Registered adapter: postgres=1.10.1
[0m16:31:02.296918 [debug] [MainThread]: checksum: faa2d5eaa37676c31bc1a6956afe52fb8481a0ea3b25a19af64d9d6e0ea8c4f8, vars: {}, profile: customerdna_client1, target: dev, version: 1.12.0b3
[0m16:31:02.297975 [info ] [MainThread]: Unable to do partial parsing because saved manifest not found. Starting full parse.
[0m16:31:02.299024 [debug] [MainThread]: Sending event: {'category': 'dbt', 'action': 'partial_parser', 'label': 'f459d7e4-c006-4880-8fd6-0846c9bd53b9', 'context': [<snowplow_tracker.self_describing_json.SelfDescribingJson object at 0x0000014BE8AC3150>]}
[0m16:31:03.045266 [warn ] [MainThread]: [[33mWARNING[0m]: Configuration paths exist in your dbt_project.yml file which do not apply to any resources.
There are 4 unused configuration paths:
- models.customerdna_client1.staging
- models.customerdna_client1.intermediate
- models.customerdna_client1.analytics
- data_tests.customerdna_client1
[0m16:31:03.051590 [debug] [MainThread]: Sending event: {'category': 'dbt', 'action': 'load_project', 'label': 'f459d7e4-c006-4880-8fd6-0846c9bd53b9', 'context': [<snowplow_tracker.self_describing_json.SelfDescribingJson object at 0x0000014BE87D16D0>]}
[0m16:31:03.099071 [debug] [MainThread]: Wrote artifact WritableManifest to D:\github\Master_PFE_Project\target\manifest.json
[0m16:31:03.102601 [debug] [MainThread]: Wrote artifact SemanticManifest to D:\github\Master_PFE_Project\target\semantic_manifest.json
[0m16:31:03.125351 [debug] [MainThread]: Wrote artifact OsiDocument to D:\github\Master_PFE_Project\target\osi_document.json
[0m16:31:03.135484 [debug] [MainThread]: Sending event: {'category': 'dbt', 'action': 'resource_counts', 'label': 'f459d7e4-c006-4880-8fd6-0846c9bd53b9', 'context': [<snowplow_tracker.self_describing_json.SelfDescribingJson object at 0x0000014BE88E38D0>]}
[0m16:31:03.135484 [info ] [MainThread]: Found 475 macros
[0m16:31:03.135484 [debug] [MainThread]: Sending event: {'category': 'dbt', 'action': 'runnable_timing', 'label': 'f459d7e4-c006-4880-8fd6-0846c9bd53b9', 'context': [<snowplow_tracker.self_describing_json.SelfDescribingJson object at 0x0000014BE8D5CDD0>]}
[0m16:31:03.136991 [warn ] [MainThread]: [[33mWARNING[0m]: Nothing to do. Try checking your model configs and model specification args
[0m16:31:03.138505 [debug] [MainThread]: Command end result
[0m16:31:03.162724 [debug] [MainThread]: Wrote artifact WritableManifest to D:\github\Master_PFE_Project\target\manifest.json
[0m16:31:03.165731 [debug] [MainThread]: Wrote artifact SemanticManifest to D:\github\Master_PFE_Project\target\semantic_manifest.json
[0m16:31:03.168749 [debug] [MainThread]: Wrote artifact OsiDocument to D:\github\Master_PFE_Project\target\osi_document.json
[0m16:31:03.172777 [debug] [MainThread]: Wrote artifact RunExecutionResult to D:\github\Master_PFE_Project\target\run_results.json
[0m16:31:03.173785 [debug] [MainThread]: Command `dbt compile` succeeded at 16:31:03.173785 after 1.48 seconds
[0m16:31:03.174788 [debug] [MainThread]: Sending event: {'category': 'dbt', 'action': 'invocation', 'label': 'end', 'context': [<snowplow_tracker.self_describing_json.SelfDescribingJson object at 0x0000014BE88048D0>, <snowplow_tracker.self_describing_json.SelfDescribingJson object at 0x0000014BE633C650>, <snowplow_tracker.self_describing_json.SelfDescribingJson object at 0x0000014BE86FB2D0>]}
[0m16:31:03.175786 [debug] [MainThread]: Flushing usage events
[0m16:31:04.208079 [debug] [MainThread]: An error was encountered while trying to flush usage events
[0m16:31:11.909955 [debug] [MainThread]: Sending event: {'category': 'dbt', 'action': 'invocation', 'label': 'start', 'context': [<snowplow_tracker.self_describing_json.SelfDescribingJson object at 0x000002AEDEAAB550>, <snowplow_tracker.self_describing_json.SelfDescribingJson object at 0x000002AEDEAAB9D0>, <snowplow_tracker.self_describing_json.SelfDescribingJson object at 0x000002AEDEAABFD0>]}


============================== 16:31:11.912991 | 0b9762cb-67e1-46f6-b364-79bfd9375f9f ==============================
[0m16:31:11.912991 [info ] [MainThread]: Running with dbt=1.12.0-b3
[0m16:31:11.912991 [debug] [MainThread]: running dbt with arguments {'maximum_seed_size_mib': '1', 'no_print': 'None', 'static_parser': 'True', 'warn_error_options': 'WarnErrorOptionsV2(error=[], warn=[], silence=[])', 'target_path': 'None', 'version_check': 'True', 'printer_width': '80', 'write_json': 'True', 'introspect': 'True', 'log_cache_events': 'False', 'empty': 'None', 'cache_selected_only': 'False', 'fail_fast': 'False', 'debug': 'False', 'log_format': 'default', 'profiles_dir': 'C:\\Users\\aitlh\\.dbt', 'send_anonymous_usage_stats': 'True', 'quiet': 'False', 'warn_error': 'None', 'partial_parse': 'True', 'invocation_command': 'dbt list', 'use_colors': 'True', 'indirect_selection': 'eager', 'use_experimental_parser': 'False', 'log_path': 'D:\\github\\Master_PFE_Project\\logs'}
[0m16:31:12.063630 [debug] [MainThread]: Sending event: {'category': 'dbt', 'action': 'project_id', 'label': '0b9762cb-67e1-46f6-b364-79bfd9375f9f', 'context': [<snowplow_tracker.self_describing_json.SelfDescribingJson object at 0x000002AEDEAE6750>]}
[0m16:31:12.115332 [debug] [MainThread]: Sending event: {'category': 'dbt', 'action': 'adapter_info', 'label': '0b9762cb-67e1-46f6-b364-79bfd9375f9f', 'context': [<snowplow_tracker.self_describing_json.SelfDescribingJson object at 0x000002AED9E182D0>]}
[0m16:31:12.116842 [info ] [MainThread]: Registered adapter: postgres=1.10.1
[0m16:31:12.382112 [debug] [MainThread]: checksum: faa2d5eaa37676c31bc1a6956afe52fb8481a0ea3b25a19af64d9d6e0ea8c4f8, vars: {}, profile: customerdna_client1, target: dev, version: 1.12.0b3
[0m16:31:12.501596 [debug] [MainThread]: Partial parsing enabled: 0 files deleted, 0 files added, 0 files changed.
[0m16:31:12.502106 [debug] [MainThread]: Nothing changed, skipping partial parsing.
[0m16:31:12.502106 [debug] [MainThread]: Partial parsing enabled, no changes found, skipping parsing
[0m16:31:12.503617 [warn ] [MainThread]: [[33mWARNING[0m]: Configuration paths exist in your dbt_project.yml file which do not apply to any resources.
There are 4 unused configuration paths:
- models.customerdna_client1.staging
- models.customerdna_client1.intermediate
- models.customerdna_client1.analytics
- data_tests.customerdna_client1
[0m16:31:12.508137 [debug] [MainThread]: Sending event: {'category': 'dbt', 'action': 'load_project', 'label': '0b9762cb-67e1-46f6-b364-79bfd9375f9f', 'context': [<snowplow_tracker.self_describing_json.SelfDescribingJson object at 0x000002AEDF0EF350>]}
[0m16:31:12.557705 [debug] [MainThread]: Wrote artifact WritableManifest to D:\github\Master_PFE_Project\target\manifest.json
[0m16:31:12.561745 [debug] [MainThread]: Wrote artifact SemanticManifest to D:\github\Master_PFE_Project\target\semantic_manifest.json
[0m16:31:12.580799 [debug] [MainThread]: Wrote artifact OsiDocument to D:\github\Master_PFE_Project\target\osi_document.json
[0m16:31:12.595371 [debug] [MainThread]: Sending event: {'category': 'dbt', 'action': 'runnable_timing', 'label': '0b9762cb-67e1-46f6-b364-79bfd9375f9f', 'context': [<snowplow_tracker.self_describing_json.SelfDescribingJson object at 0x000002AEDEAAB450>]}
[0m16:31:12.596416 [warn ] [MainThread]: [[33mWARNING[0m]: No nodes selected!
[0m16:31:12.597452 [debug] [MainThread]: Command `dbt list` succeeded at 16:31:12.597452 after 0.77 seconds
[0m16:31:12.597977 [debug] [MainThread]: Sending event: {'category': 'dbt', 'action': 'invocation', 'label': 'end', 'context': [<snowplow_tracker.self_describing_json.SelfDescribingJson object at 0x000002AEDEAC04D0>, <snowplow_tracker.self_describing_json.SelfDescribingJson object at 0x000002AEDE9E45D0>, <snowplow_tracker.self_describing_json.SelfDescribingJson object at 0x000002AEDEAAB2D0>]}
[0m16:31:12.598490 [debug] [MainThread]: Flushing usage events
[0m16:31:13.397846 [debug] [MainThread]: An error was encountered while trying to flush usage events
[0m17:07:56.785167 [debug] [MainThread]: Sending event: {'category': 'dbt', 'action': 'invocation', 'label': 'start', 'context': [<snowplow_tracker.self_describing_json.SelfDescribingJson object at 0x0000022D25ABA910>, <snowplow_tracker.self_describing_json.SelfDescribingJson object at 0x0000022D25ABB8D0>, <snowplow_tracker.self_describing_json.SelfDescribingJson object at 0x0000022D25ABAF10>]}


============================== 17:07:56.788681 | 5c8b406f-6062-4886-8c20-dea91d952fe1 ==============================
[0m17:07:56.788681 [info ] [MainThread]: Running with dbt=1.12.0-b3
[0m17:07:56.789683 [debug] [MainThread]: running dbt with arguments {'maximum_seed_size_mib': '1', 'no_print': 'None', 'static_parser': 'True', 'warn_error_options': 'WarnErrorOptionsV2(error=[], warn=[], silence=[])', 'target_path': 'None', 'version_check': 'True', 'printer_width': '80', 'write_json': 'True', 'empty': 'None', 'log_cache_events': 'False', 'introspect': 'True', 'cache_selected_only': 'False', 'log_format': 'default', 'debug': 'False', 'fail_fast': 'False', 'profiles_dir': 'C:\\Users\\aitlh\\.dbt', 'send_anonymous_usage_stats': 'True', 'quiet': 'False', 'warn_error': 'None', 'partial_parse': 'True', 'indirect_selection': 'eager', 'use_colors': 'True', 'invocation_command': 'dbt debug', 'use_experimental_parser': 'False', 'log_path': 'D:\\github\\Master_PFE_Project\\logs'}
[0m17:07:56.802045 [info ] [MainThread]: dbt version: 1.12.0-b3
[0m17:07:56.802562 [info ] [MainThread]: python version: 3.11.9
[0m17:07:56.803080 [info ] [MainThread]: python path: D:\github\Master_PFE_Project\.venv\Scripts\python.exe
[0m17:07:56.803602 [info ] [MainThread]: os info: Windows-10-10.0.26200-SP0
[0m17:07:56.843577 [info ] [MainThread]: Using profiles dir at C:\Users\aitlh\.dbt
[0m17:07:56.844578 [info ] [MainThread]: Using profiles.yml file at C:\Users\aitlh\.dbt\profiles.yml
[0m17:07:56.844578 [info ] [MainThread]: Using dbt_project.yml file at D:\github\Master_PFE_Project\dbt_project.yml
[0m17:07:56.846083 [info ] [MainThread]: adapter type: postgres
[0m17:07:56.846083 [info ] [MainThread]: adapter version: 1.10.1
[0m17:07:56.930897 [info ] [MainThread]: Configuration:
[0m17:07:56.931898 [info ] [MainThread]:   profiles.yml file [[32mOK found and valid[0m]
[0m17:07:56.931898 [info ] [MainThread]:   dbt_project.yml file [[32mOK found and valid[0m]
[0m17:07:56.932898 [info ] [MainThread]: Required dependencies:
[0m17:07:56.932898 [debug] [MainThread]: Executing "git --help"
[0m17:07:56.964496 [debug] [MainThread]: STDOUT: "b"usage: git [-v | --version] [-h | --help] [-C <path>] [-c <name>=<value>]\n           [--exec-path[=<path>]] [--html-path] [--man-path] [--info-path]\n           [-p | --paginate | -P | --no-pager] [--no-replace-objects] [--no-lazy-fetch]\n           [--no-optional-locks] [--no-advice] [--bare] [--git-dir=<path>]\n           [--work-tree=<path>] [--namespace=<name>] [--config-env=<name>=<envvar>]\n           <command> [<args>]\n\nThese are common Git commands used in various situations:\n\nstart a working area (see also: git help tutorial)\n   clone      Clone a repository into a new directory\n   init       Create an empty Git repository or reinitialize an existing one\n\nwork on the current change (see also: git help everyday)\n   add        Add file contents to the index\n   mv         Move or rename a file, a directory, or a symlink\n   restore    Restore working tree files\n   rm         Remove files from the working tree and from the index\n\nexamine the history and state (see also: git help revisions)\n   bisect     Use binary search to find the commit that introduced a bug\n   diff       Show changes between commits, commit and working tree, etc\n   grep       Print lines matching a pattern\n   log        Show commit logs\n   show       Show various types of objects\n   status     Show the working tree status\n\ngrow, mark and tweak your common history\n   backfill   Download missing objects in a partial clone\n   branch     List, create, or delete branches\n   commit     Record changes to the repository\n   merge      Join two or more development histories together\n   rebase     Reapply commits on top of another base tip\n   reset      Reset current HEAD to the specified state\n   switch     Switch branches\n   tag        Create, list, delete or verify tags\n\ncollaborate (see also: git help workflows)\n   fetch      Download objects and refs from another repository\n   pull       Fetch from and integrate with another repository or a local branch\n   push       Update remote refs along with associated objects\n\n'git help -a' and 'git help -g' list available subcommands and some\nconcept guides. See 'git help <command>' or 'git help <concept>'\nto read about a specific subcommand or concept.\nSee 'git help git' for an overview of the system.\n""
[0m17:07:56.965496 [debug] [MainThread]: STDERR: "b''"
[0m17:07:56.965496 [info ] [MainThread]:  - git [[32mOK found[0m]

[0m17:07:56.966497 [info ] [MainThread]: Connection:
[0m17:07:56.966497 [info ] [MainThread]:   host: localhost
[0m17:07:56.966497 [info ] [MainThread]:   port: 5440
[0m17:07:56.968003 [info ] [MainThread]:   user: postgres
[0m17:07:56.968003 [info ] [MainThread]:   database: client1_DW
[0m17:07:56.968003 [info ] [MainThread]:   schema: staging
[0m17:07:56.969517 [info ] [MainThread]:   connect_timeout: 10
[0m17:07:56.969517 [info ] [MainThread]:   role: None
[0m17:07:56.970523 [info ] [MainThread]:   search_path: None
[0m17:07:56.970523 [info ] [MainThread]:   keepalives_idle: 0
[0m17:07:56.970523 [info ] [MainThread]:   sslmode: None
[0m17:07:56.971523 [info ] [MainThread]:   sslcert: None
[0m17:07:56.971523 [info ] [MainThread]:   sslkey: None
[0m17:07:56.971523 [info ] [MainThread]:   sslrootcert: None
[0m17:07:56.972711 [info ] [MainThread]:   application_name: dbt
[0m17:07:56.972711 [info ] [MainThread]:   retries: 1
[0m17:07:56.973711 [info ] [MainThread]: Registered adapter: postgres=1.10.1
[0m17:07:57.208610 [debug] [MainThread]: Acquiring new postgres connection 'debug'
[0m17:07:57.307398 [debug] [MainThread]: Using postgres connection "debug"
[0m17:07:57.307902 [debug] [MainThread]: On debug: select 1 as id
[0m17:07:57.307902 [debug] [MainThread]: Opening a new connection, currently in state init
[0m17:07:57.341030 [debug] [MainThread]: SQL status: SELECT 1 in 0.033 seconds
[0m17:07:57.342030 [debug] [MainThread]: On debug: Close
[0m17:07:57.343030 [info ] [MainThread]:   Connection test: [[32mOK connection ok[0m]

[0m17:07:57.343030 [info ] [MainThread]: [32mAll checks passed![0m
[0m17:07:57.344536 [debug] [MainThread]: Command `dbt debug` succeeded at 17:07:57.344536 after 0.65 seconds
[0m17:07:57.344536 [debug] [MainThread]: Connection 'debug' was properly closed.
[0m17:07:57.345541 [debug] [MainThread]: Sending event: {'category': 'dbt', 'action': 'invocation', 'label': 'end', 'context': [<snowplow_tracker.self_describing_json.SelfDescribingJson object at 0x0000022D25AAB350>, <snowplow_tracker.self_describing_json.SelfDescribingJson object at 0x0000022D25D8CAD0>, <snowplow_tracker.self_describing_json.SelfDescribingJson object at 0x0000022D23716990>]}
[0m17:07:57.345541 [debug] [MainThread]: Flushing usage events
[0m17:07:58.088938 [debug] [MainThread]: An error was encountered while trying to flush usage events
