This is pdfTeX, Version 3.141592653-2.6-1.40.29 (MiKTeX 26.5) (preloaded format=pdflatex 2026.8.18)  24 AUG 2026 16:49
entering extended mode
 restricted \write18 enabled.
 %&-line parsing enabled.
**./main.tex
(main.tex
LaTeX2e <2026-06-01>
L3 programming layer <2026-07-20>
(C:\Program Files\MiKTeX\tex/latex/base\report.cls
Document Class: report 2025/01/22 v1.4n Standard LaTeX document class
(C:\Program Files\MiKTeX\tex/latex/base\size12.clo
File: size12.clo 2025/01/22 v1.4n Standard LaTeX file (size option)
)
\c@part=\count276
\c@chapter=\count277
\c@section=\count278
\c@subsection=\count279
\c@subsubsection=\count280
\c@paragraph=\count281
\c@subparagraph=\count282
\c@figure=\count283
\c@table=\count284
\abovecaptionskip=\skip49
\belowcaptionskip=\skip50
\bibindent=\dimen150
)
(00_master/report_preamble.tex
(C:\Program Files\MiKTeX\tex/latex/base\inputenc.sty
Package: inputenc 2024/02/08 v1.3d Input encoding file
\inpenc@prehook=\toks17
\inpenc@posthook=\toks18
)
(C:\Program Files\MiKTeX\tex/latex/base\fontenc.sty
Package: fontenc 2025/07/18 v2.1d Standard LaTeX package
)
(C:\Program Files\MiKTeX\tex/generic/babel\babel.sty
Package: babel 2026/08/08 v26.10 The multilingual framework for LuaLaTeX, pdfLa
TeX and XeLaTeX
\babel@savecnt=\count285
LaTeX Encoding Info:    Redeclaring text command \ij (encoding OT1) on input li
ne 2105.
LaTeX Encoding Info:    Redeclaring text command \IJ (encoding OT1) on input li
ne 2107.
LaTeX Encoding Info:    Redeclaring text command \ij (encoding T1) on input lin
e 2109.
LaTeX Encoding Info:    Redeclaring text command \IJ (encoding T1) on input lin
e 2110.
LaTeX Encoding Info:    Ignoring declaration for text command \ij (encoding ?) 
on input line 2111.
LaTeX Encoding Info:    Ignoring declaration for text command \IJ (encoding ?) 
on input line 2113.
LaTeX Encoding Info:    Ignoring declaration for text command \SS (encoding ?) 
on input line 2138.
\U@D=\dimen151
\l@unhyphenated=\language79

(C:\Program Files\MiKTeX\tex/generic/babel\txtbabel.def)
\bbl@readstream=\read2
\bbl@dirlevel=\count286
Package babel Info: Configuration files are deprecated, as
(babel)             they can break document portability.
(babel)             Reported on input line 4298.

*************************************
* Local config file bblopts.cfg used
*
(C:\Program Files\MiKTeX\tex/latex/arabi\bblopts.cfg
File: bblopts.cfg 2005/09/08 v0.1 add Arabic and Farsi to "declared" options of
 babel
)
(C:\Program Files\MiKTeX\tex/generic/babel/locale/en\babel-english.tex)
Package babel Info: Importing font and identification data for 'english'
(babel)             from babel-en.ini. Reported on input line 4426.

(C:\Program Files\MiKTeX\tex/latex/babel-english\english.ldf
Language: english 2017/06/06 v3.3r English support from the babel system
Package babel Info: Hyphen rules for 'canadian' set to \l@english
(babel)             (\language0). Reported on input line 102.
Package babel Info: Hyphen rules for 'australian' set to \l@ukenglish
(babel)             (\language73). Reported on input line 105.
Package babel Info: Hyphen rules for 'newzealand' set to \l@ukenglish
(babel)             (\language73). Reported on input line 108.
))
(C:\Program Files\MiKTeX\tex/latex/lm\lmodern.sty
Package: lmodern 2015/05/01 v1.6.1 Latin Modern Fonts
LaTeX Font Info:    Overwriting symbol font `operators' in version `normal'
(Font)                  OT1/cmr/m/n --> OT1/lmr/m/n on input line 22.
LaTeX Font Info:    Overwriting symbol font `letters' in version `normal'
(Font)                  OML/cmm/m/it --> OML/lmm/m/it on input line 23.
LaTeX Font Info:    Overwriting symbol font `symbols' in version `normal'
(Font)                  OMS/cmsy/m/n --> OMS/lmsy/m/n on input line 24.
LaTeX Font Info:    Overwriting symbol font `largesymbols' in version `normal'
(Font)                  OMX/cmex/m/n --> OMX/lmex/m/n on input line 25.
LaTeX Font Info:    Overwriting symbol font `operators' in version `bold'
(Font)                  OT1/cmr/bx/n --> OT1/lmr/bx/n on input line 26.
LaTeX Font Info:    Overwriting symbol font `letters' in version `bold'
(Font)                  OML/cmm/b/it --> OML/lmm/b/it on input line 27.
LaTeX Font Info:    Overwriting symbol font `symbols' in version `bold'
(Font)                  OMS/cmsy/b/n --> OMS/lmsy/b/n on input line 28.
LaTeX Font Info:    Overwriting symbol font `largesymbols' in version `bold'
(Font)                  OMX/cmex/m/n --> OMX/lmex/m/n on input line 29.
LaTeX Font Info:    Overwriting math alphabet `\mathbf' in version `normal'
(Font)                  OT1/cmr/bx/n --> OT1/lmr/bx/n on input line 31.
LaTeX Font Info:    Overwriting math alphabet `\mathsf' in version `normal'
(Font)                  OT1/cmss/m/n --> OT1/lmss/m/n on input line 32.
LaTeX Font Info:    Overwriting math alphabet `\mathit' in version `normal'
(Font)                  OT1/cmr/m/it --> OT1/lmr/m/it on input line 33.
LaTeX Font Info:    Overwriting math alphabet `\mathtt' in version `normal'
(Font)                  OT1/cmtt/m/n --> OT1/lmtt/m/n on input line 34.
LaTeX Font Info:    Overwriting math alphabet `\mathbf' in version `bold'
(Font)                  OT1/cmr/bx/n --> OT1/lmr/bx/n on input line 35.
LaTeX Font Info:    Overwriting math alphabet `\mathsf' in version `bold'
(Font)                  OT1/cmss/bx/n --> OT1/lmss/bx/n on input line 36.
LaTeX Font Info:    Overwriting math alphabet `\mathit' in version `bold'
(Font)                  OT1/cmr/bx/it --> OT1/lmr/bx/it on input line 37.
LaTeX Font Info:    Overwriting math alphabet `\mathtt' in version `bold'
(Font)                  OT1/cmtt/m/n --> OT1/lmtt/m/n on input line 38.
)
(C:\Users\aitlh\AppData\Roaming\MiKTeX\tex/latex/geometry\geometry.sty
Package: geometry 2026/03/07 v6.0 Page Geometry

(C:\Program Files\MiKTeX\tex/latex/graphics\keyval.sty
Package: keyval 2026-05-17 v1.15 key=value parser (DPC)
\KV@toks@=\toks19
)
(C:\Program Files\MiKTeX\tex/generic/iftex\ifvtex.sty
Package: ifvtex 2019/10/25 v1.7 ifvtex legacy package. Use iftex instead.

(C:\Program Files\MiKTeX\tex/generic/iftex\iftex.sty
Package: iftex 2024/12/12 v1.0g TeX engine tests
))
\Gm@cnth=\count287
\Gm@cntv=\count288
\c@Gm@tempcnt=\count289
\Gm@bindingoffset=\dimen152
\Gm@wd@mp=\dimen153
\Gm@odd@mp=\dimen154
\Gm@even@mp=\dimen155
\Gm@layoutwidth=\dimen156
\Gm@layoutheight=\dimen157
\Gm@layouthoffset=\dimen158
\Gm@layoutvoffset=\dimen159
\Gm@dimlist=\toks20

(C:\Users\aitlh\AppData\Roaming\MiKTeX\tex/latex/geometry\geometry.cfg))
(C:\Users\aitlh\AppData\Roaming\MiKTeX\tex/latex/setspace\setspace.sty
Package: setspace 2022/12/04 v6.7b set line spacing
)
(C:\Users\aitlh\AppData\Roaming\MiKTeX\tex/latex/microtype\microtype.sty
Package: microtype 2026/03/01 v3.2d Micro-typographical refinements (RS)

(C:\Program Files\MiKTeX\tex/latex/etoolbox\etoolbox.sty
Package: etoolbox 2025/10/02 v2.5m e-TeX tools for LaTeX (JAW)
\etb@tempcnta=\count290
)
\MT@toks=\toks21
\MT@tempbox=\box53
\MT@count=\count291
LaTeX Info: Redefining \noprotrusionifhmode on input line 1084.
LaTeX Info: Redefining \leftprotrusion on input line 1085.
\MT@prot@toks=\toks22
LaTeX Info: Redefining \rightprotrusion on input line 1104.
LaTeX Info: Redefining \textls on input line 1449.
\MT@outer@kern=\dimen160
LaTeX Info: Redefining \microtypecontext on input line 2053.
LaTeX Info: Redefining \textmicrotypecontext on input line 2070.
\MT@listname@count=\count292

(C:\Users\aitlh\AppData\Roaming\MiKTeX\tex/latex/microtype\microtype-pdftex.def
File: microtype-pdftex.def 2026/03/01 v3.2d Definitions specific to pdftex (RS)

LaTeX Info: Redefining \lsstyle on input line 944.
LaTeX Info: Redefining \lslig on input line 944.
\MT@outer@space=\skip51
)
Package microtype Info: Loading configuration file microtype.cfg.
 (C:\Users\aitlh\AppData\Roaming\MiKTeX\tex/latex/microtype\microtype.cfg
File: microtype.cfg 2026/03/01 v3.2d microtype main configuration file (RS)
)
LaTeX Info: Redefining \microtypesetup on input line 3065.
)
(C:\Program Files\MiKTeX\tex/latex/graphics\graphicx.sty
Package: graphicx 2026-05-17 v1.2e Enhanced LaTeX Graphics (DPC,SPQR)

(C:\Program Files\MiKTeX\tex/latex/graphics\graphics.sty
Package: graphics 2026-05-17 v1.4h Standard LaTeX Graphics (DPC,SPQR)

(C:\Program Files\MiKTeX\tex/latex/graphics\trig.sty
Package: trig 2023/12/02 v1.11 sin cos tan (DPC)
)
(C:\Program Files\MiKTeX\tex/latex/graphics-cfg\graphics.cfg
File: graphics.cfg 2016/06/04 v1.11 sample graphics configuration
)
Package graphics Info: Driver file: pdftex.def on input line 106.

(C:\Program Files\MiKTeX\tex/latex/graphics-def\pdftex.def
File: pdftex.def 2025/09/29 v1.2d Graphics/color driver for pdftex
))
\Gin@req@height=\dimen161
\Gin@req@width=\dimen162
)
(C:\Program Files\MiKTeX\tex/latex/xcolor\xcolor.sty
Package: xcolor 2024/09/29 v3.02 LaTeX color extensions (UK)

(C:\Program Files\MiKTeX\tex/latex/graphics-cfg\color.cfg
File: color.cfg 2016/01/02 v1.6 sample color configuration
)
Package xcolor Info: Driver file: pdftex.def on input line 274.

(C:\Program Files\MiKTeX\tex/latex/graphics\mathcolor.ltx)
Package xcolor Info: Model `cmy' substituted by `cmy0' on input line 1349.
Package xcolor Info: Model `hsb' substituted by `rgb' on input line 1353.
Package xcolor Info: Model `RGB' extended on input line 1365.
Package xcolor Info: Model `HTML' substituted by `rgb' on input line 1367.
Package xcolor Info: Model `Hsb' substituted by `hsb' on input line 1368.
Package xcolor Info: Model `tHsb' substituted by `hsb' on input line 1369.
Package xcolor Info: Model `HSB' substituted by `hsb' on input line 1370.
Package xcolor Info: Model `Gray' substituted by `gray' on input line 1371.
Package xcolor Info: Model `wave' substituted by `hsb' on input line 1372.
)
(C:\Users\aitlh\AppData\Roaming\MiKTeX\tex/latex/colortbl\colortbl.sty
Package: colortbl 2026/05/01 v1.0l Color table columns (DPC)

(C:\Program Files\MiKTeX\tex/latex/tools\array.sty
Package: array 2026/02/24 v2.7b Tabular extension package (FMi)
\col@sep=\dimen163
\ar@mcellbox=\box54
\extrarowheight=\dimen164
\NC@list=\toks23
\extratabsurround=\skip52
\backup@length=\skip53
\ar@cellbox=\box55
)
new hooks used!!
\minrowclearance=\skip54
\rownum=\count293
) (C:\Users\aitlh\AppData\Roaming\MiKTeX\tex/latex/booktabs\booktabs.sty
Package: booktabs 2020/01/12 v1.61803398 Publication quality tables
\heavyrulewidth=\dimen165
\lightrulewidth=\dimen166
\cmidrulewidth=\dimen167
\belowrulesep=\dimen168
\belowbottomsep=\dimen169
\aboverulesep=\dimen170
\abovetopsep=\dimen171
\cmidrulesep=\dimen172
\cmidrulekern=\dimen173
\defaultaddspace=\dimen174
\@cmidla=\count294
\@cmidlb=\count295
\@aboverulesep=\dimen175
\@belowrulesep=\dimen176
\@thisruleclass=\count296
\@lastruleclass=\count297
\@thisrulewidth=\dimen177
)
(C:\Program Files\MiKTeX\tex/latex/tools\longtable.sty
Package: longtable 2026-01-28 v4.27 Multi-page Table package (DPC)
\LTleft=\skip55
\LTright=\skip56
\LTpre=\skip57
\LTpost=\skip58
\LTchunksize=\count298
\LTcapwidth=\dimen178
\LT@head=\box56
\LT@firsthead=\box57
\LT@foot=\box58
\LT@lastfoot=\box59
\LT@gbox=\box60
\LT@cols=\count299
\LT@rows=\count300
\c@LT@tables=\count301
\c@LT@chunks=\count302
\LT@p@ftn=\toks24
)
(C:\Program Files\MiKTeX\tex/latex/tools\tabularx.sty
Package: tabularx 2023/12/11 v2.12a `tabularx' package (DPC)
\TX@col@width=\dimen179
\TX@old@table=\dimen180
\TX@old@col=\dimen181
\TX@target=\dimen182
\TX@delta=\dimen183
\TX@cols=\count303
\TX@ftn=\toks25
)
(C:\Users\aitlh\AppData\Roaming\MiKTeX\tex/latex/float\float.sty
Package: float 2001/11/08 v1.3d Float enhancements (AL)
\c@float@type=\count304
\float@exts=\toks26
\float@box=\box61
\@float@everytoks=\toks27
\@floatcapt=\box62
)
(C:\Users\aitlh\AppData\Roaming\MiKTeX\tex/latex/placeins\placeins.sty
Package: placeins 2005/04/18  v 2.2
)
(C:\Users\aitlh\AppData\Roaming\MiKTeX\tex/latex/caption\caption.sty
Package: caption 2023/08/05 v3.6o Customizing captions (AR)

(C:\Users\aitlh\AppData\Roaming\MiKTeX\tex/latex/caption\caption3.sty
Package: caption3 2023/07/31 v2.4d caption3 kernel (AR)
\caption@tempdima=\dimen184
\captionmargin=\dimen185
\caption@leftmargin=\dimen186
\caption@rightmargin=\dimen187
\caption@width=\dimen188
\caption@indent=\dimen189
\caption@parindent=\dimen190
\caption@hangindent=\dimen191
Package caption Info: Standard document class detected.
)
\c@caption@flags=\count305
\c@continuedfloat=\count306
Package caption Info: float package is loaded.
Package caption Info: longtable package is loaded.

(C:\Users\aitlh\AppData\Roaming\MiKTeX\tex/latex/caption\ltcaption.sty
Package: ltcaption 2021/01/08 v1.4c longtable captions (AR)
))
(C:\Users\aitlh\AppData\Roaming\MiKTeX\tex/latex/caption\subcaption.sty
Package: subcaption 2023/07/28 v1.6b Sub-captions (AR)
Package caption Info: New subtype `subfigure' on input line 238.
\c@subfigure=\count307
Package caption Info: New subtype `subtable' on input line 238.
\c@subtable=\count308
)
(C:\Program Files\MiKTeX\tex/latex/amsmath\amsmath.sty
Package: amsmath 2026/05/19 v2.18d AMS math features
\@mathmargin=\skip59

For additional information on amsmath, use the `?' option.
(C:\Program Files\MiKTeX\tex/latex/amsmath\amstext.sty
Package: amstext 2024/11/17 v2.01 AMS text

(C:\Program Files\MiKTeX\tex/latex/amsmath\amsgen.sty
File: amsgen.sty 1999/11/30 v2.0 generic functions
\@emptytoks=\toks28
\ex@=\dimen192
))
(C:\Program Files\MiKTeX\tex/latex/amsmath\amsbsy.sty
Package: amsbsy 1999/11/29 v1.2d Bold Symbols
\pmbraise@=\dimen193
)
(C:\Program Files\MiKTeX\tex/latex/amsmath\amsopn.sty
Package: amsopn 2022/04/08 v2.04 operator names
)
\inf@bad=\count309
LaTeX Info: Redefining \frac on input line 233.
\uproot@=\count310
\leftroot@=\count311
LaTeX Info: Redefining \overline on input line 398.
LaTeX Info: Redefining \colon on input line 409.
\classnum@=\count312
\DOTSCASE@=\count313
LaTeX Info: Redefining \ldots on input line 495.
LaTeX Info: Redefining \dots on input line 498.
LaTeX Info: Redefining \cdots on input line 619.
\Mathstrutbox@=\box63
\strutbox@=\box64
LaTeX Info: Redefining \big on input line 721.
LaTeX Info: Redefining \Big on input line 722.
LaTeX Info: Redefining \bigg on input line 723.
LaTeX Info: Redefining \Bigg on input line 724.
\big@size=\dimen194
LaTeX Font Info:    Redeclaring font encoding OML on input line 742.
LaTeX Font Info:    Redeclaring font encoding OMS on input line 743.
\macc@depth=\count314
LaTeX Info: Redefining \bmod on input line 904.
LaTeX Info: Redefining \pmod on input line 909.
LaTeX Info: Redefining \smash on input line 939.
LaTeX Info: Redefining \relbar on input line 969.
LaTeX Info: Redefining \Relbar on input line 970.
\c@MaxMatrixCols=\count315
\dotsspace@=\muskip17
\c@parentequation=\count316
\dspbrk@lvl=\count317
\tag@help=\toks29
\row@=\count318
\column@=\count319
\maxfields@=\count320
\andhelp@=\toks30
\eqnshift@=\dimen195
\alignsep@=\dimen196
\tagshift@=\dimen197
\tagwidth@=\dimen198
\totwidth@=\dimen199
\lineht@=\dimen256
\@envbody=\toks31
\multlinegap=\skip60
\multlinetaggap=\skip61
\mathdisplay@stack=\toks32
LaTeX Info: Redefining \[ on input line 2965.
LaTeX Info: Redefining \] on input line 2966.
)
(C:\Program Files\MiKTeX\tex/latex/amsfonts\amssymb.sty
Package: amssymb 2013/01/14 v3.01 AMS font symbols

(C:\Program Files\MiKTeX\tex/latex/amsfonts\amsfonts.sty
Package: amsfonts 2013/01/14 v3.01 Basic AMSFonts support
\symAMSa=\mathgroup4
\symAMSb=\mathgroup5
LaTeX Font Info:    Redeclaring math symbol \hbar on input line 98.
LaTeX Font Info:    Overwriting math alphabet `\mathfrak' in version `bold'
(Font)                  U/euf/m/n --> U/euf/b/n on input line 106.
))
(C:\Users\aitlh\AppData\Roaming\MiKTeX\tex/latex/enumitem\enumitem.sty
Package: enumitem 2025/02/06 v3.11 Customized lists
\labelindent=\skip62
\enit@outerparindent=\dimen257
\enit@toks=\toks33
\enit@inbox=\box65
\enit@count@id=\count321
\enitdp@description=\count322
)
(C:\Users\aitlh\AppData\Roaming\MiKTeX\tex/latex/fancyhdr\fancyhdr.sty
Package: fancyhdr 2025/02/07 v5.2 Extensive control of page headers and footers

\f@nch@headwidth=\skip63
\f@nch@offset@elh=\skip64
\f@nch@offset@erh=\skip65
\f@nch@offset@olh=\skip66
\f@nch@offset@orh=\skip67
\f@nch@offset@elf=\skip68
\f@nch@offset@erf=\skip69
\f@nch@offset@olf=\skip70
\f@nch@offset@orf=\skip71
\f@nch@height=\skip72
\f@nch@footalignment=\skip73
\f@nch@widthL=\skip74
\f@nch@widthC=\skip75
\f@nch@widthR=\skip76
\@temptokenb=\toks34
)
(C:\Program Files\MiKTeX\tex/latex/hyperref\hyperref.sty
Package: hyperref 2026-06-17 v7.01r Hypertext links for LaTeX

(C:\Users\aitlh\AppData\Roaming\MiKTeX\tex/latex/kvsetkeys\kvsetkeys.sty
Package: kvsetkeys 2022-10-05 v1.19 Key value parser (HO)
)
(C:\Users\aitlh\AppData\Roaming\MiKTeX\tex/generic/kvdefinekeys\kvdefinekeys.st
y
Package: kvdefinekeys 2019-12-19 v1.6 Define keys (HO)
) (C:\Users\aitlh\AppData\Roaming\MiKTeX\tex/generic/pdfescape\pdfescape.sty
Package: pdfescape 2019/12/09 v1.15 Implements pdfTeX's escape features (HO)

(C:\Users\aitlh\AppData\Roaming\MiKTeX\tex/generic/ltxcmds\ltxcmds.sty
Package: ltxcmds 2023-12-04 v1.26 LaTeX kernel commands for general use (HO)
)
(C:\Program Files\MiKTeX\tex/generic/pdftexcmds\pdftexcmds.sty
Package: pdftexcmds 2020-06-27 v0.33 Utility functions of pdfTeX for LuaTeX (HO
)

(C:\Users\aitlh\AppData\Roaming\MiKTeX\tex/generic/infwarerr\infwarerr.sty
Package: infwarerr 2019/12/03 v1.5 Providing info/warning/error messages (HO)
)
Package pdftexcmds Info: \pdf@primitive is available.
Package pdftexcmds Info: \pdf@ifprimitive is available.
Package pdftexcmds Info: \pdfdraftmode found.
))
(C:\Users\aitlh\AppData\Roaming\MiKTeX\tex/latex/hycolor\hycolor.sty
Package: hycolor 2020-01-27 v1.10 Color options for hyperref/bookmark (HO)
)
(C:\Program Files\MiKTeX\tex/latex/hyperref\nameref.sty
Package: nameref 2026-01-29 v2.58 Cross-referencing by name of section

(C:\Users\aitlh\AppData\Roaming\MiKTeX\tex/latex/refcount\refcount.sty
Package: refcount 2019/12/15 v3.6 Data extraction from label references (HO)
)
(C:\Users\aitlh\AppData\Roaming\MiKTeX\tex/generic/gettitlestring\gettitlestrin
g.sty
Package: gettitlestring 2019/12/15 v1.6 Cleanup title references (HO)
 (C:\Users\aitlh\AppData\Roaming\MiKTeX\tex/latex/kvoptions\kvoptions.sty
Package: kvoptions 2022-06-15 v3.15 Key value format for package options (HO)
))
\c@section@level=\count323
) (C:\Users\aitlh\AppData\Roaming\MiKTeX\tex/generic/stringenc\stringenc.sty
Package: stringenc 2019/11/29 v1.12 Convert strings between diff. encodings (HO
)
)
\@linkdim=\dimen258
\Hy@linkcounter=\count324
\Hy@pagecounter=\count325

(C:\Program Files\MiKTeX\tex/latex/hyperref\pd1enc.def
File: pd1enc.def 2026-06-17 v7.01r Hyperref: PDFDocEncoding definition (HO)
Now handling font encoding PD1 ...
... no UTF-8 mapping file for font encoding PD1
)
(C:\Users\aitlh\AppData\Roaming\MiKTeX\tex/generic/intcalc\intcalc.sty
Package: intcalc 2019/12/15 v1.3 Expandable calculations with integers (HO)
)
\Hy@SavedSpaceFactor=\count326

(C:\Program Files\MiKTeX\tex/latex/hyperref\puenc.def
File: puenc.def 2026-06-17 v7.01r Hyperref: PDF Unicode definition (HO)
Now handling font encoding PU ...
... no UTF-8 mapping file for font encoding PU
)
Package hyperref Info: Hyper figures OFF on input line 4199.
Package hyperref Info: Link nesting OFF on input line 4204.
Package hyperref Info: Hyper index ON on input line 4207.
Package hyperref Info: Plain pages OFF on input line 4214.
Package hyperref Info: Backreferencing OFF on input line 4219.
Package hyperref Info: Implicit mode ON; LaTeX internals redefined.
Package hyperref Info: Bookmarks ON on input line 4466.
\c@Hy@tempcnt=\count327

(C:\Program Files\MiKTeX\tex/latex/url\url.sty
\Urlmuskip=\muskip18
Package: url 2013/09/16  ver 3.4  Verb mode for urls, etc.
)
LaTeX Info: Redefining \url on input line 4805.
\XeTeXLinkMargin=\dimen259

(C:\Users\aitlh\AppData\Roaming\MiKTeX\tex/generic/bitset\bitset.sty
Package: bitset 2019/12/09 v1.3 Handle bit-vector datatype (HO)

(C:\Users\aitlh\AppData\Roaming\MiKTeX\tex/generic/bigintcalc\bigintcalc.sty
Package: bigintcalc 2019/12/15 v1.5 Expandable calculations on big integers (HO
)
))
\Fld@menulength=\count328
\Field@Width=\dimen260
\Fld@charsize=\dimen261
Package hyperref Info: Hyper figures OFF on input line 6091.
Package hyperref Info: Link nesting OFF on input line 6096.
Package hyperref Info: Hyper index ON on input line 6099.
Package hyperref Info: backreferencing OFF on input line 6106.
Package hyperref Info: Link coloring OFF on input line 6111.
Package hyperref Info: Link coloring with OCG OFF on input line 6116.
Package hyperref Info: PDF/A mode OFF on input line 6121.
\Hy@abspage=\count329
\c@Item=\count330
\c@Hfootnote=\count331
)
Package hyperref Info: Driver (autodetected): hpdftex.
(C:\Program Files\MiKTeX\tex/latex/hyperref\hpdftex.def
File: hpdftex.def 2026-06-17 v7.01r Hyperref driver for pdfTeX
\Fld@listcount=\count332
\c@bookmark@seq@number=\count333

(C:\Users\aitlh\AppData\Roaming\MiKTeX\tex/latex/rerunfilecheck\rerunfilecheck.
sty
Package: rerunfilecheck 2025-06-21 v1.11 Rerun checks for auxiliary files (HO)

(C:\Users\aitlh\AppData\Roaming\MiKTeX\tex/generic/uniquecounter\uniquecounter.
sty
Package: uniquecounter 2019/12/15 v1.4 Provide unlimited unique counter (HO)
)
Package uniquecounter Info: New unique counter `rerunfilecheck' on input line 2
84.
)
\Hy@SectionHShift=\skip77
) (C:\Users\aitlh\AppData\Roaming\MiKTeX\tex/latex/bookmark\bookmark.sty
Package: bookmark 2026-05-21 v1.32 PDF bookmarks (HO)

(C:\Program Files\MiKTeX\tex/latex/l3backend\l3backend-pdftex.def
File: l3backend-pdftex.def 2026-07-20 L3 backend support: PDF output (pdfTeX)
\l__color_backend_stack_int=\count334
)
(C:\Users\aitlh\AppData\Roaming\MiKTeX\tex/latex/bookmark\bkm-pdftex.def
File: bkm-pdftex.def 2026-05-21 v1.32 bookmark driver for pdfTeX (HO)
\BKM@id=\count335
))
(C:\Users\aitlh\AppData\Roaming\MiKTeX\tex/latex/tocloft\tocloft.sty
Package: tocloft 2017/08/31 v2.3i parameterised ToC, etc., typesetting
Package tocloft Info: The document has chapter divisions on input line 51.
\cftparskip=\skip78
\cftbeforetoctitleskip=\skip79
\cftaftertoctitleskip=\skip80
\cftbeforepartskip=\skip81
\cftpartnumwidth=\skip82
\cftpartindent=\skip83
\cftbeforechapskip=\skip84
\cftchapindent=\skip85
\cftchapnumwidth=\skip86
\cftbeforesecskip=\skip87
\cftsecindent=\skip88
\cftsecnumwidth=\skip89
\cftbeforesubsecskip=\skip90
\cftsubsecindent=\skip91
\cftsubsecnumwidth=\skip92
\cftbeforesubsubsecskip=\skip93
\cftsubsubsecindent=\skip94
\cftsubsubsecnumwidth=\skip95
\cftbeforeparaskip=\skip96
\cftparaindent=\skip97
\cftparanumwidth=\skip98
\cftbeforesubparaskip=\skip99
\cftsubparaindent=\skip100
\cftsubparanumwidth=\skip101
\cftbeforeloftitleskip=\skip102
\cftafterloftitleskip=\skip103
\cftbeforefigskip=\skip104
\cftfigindent=\skip105
\cftfignumwidth=\skip106
\c@lofdepth=\count336
\c@lotdepth=\count337
\cftbeforelottitleskip=\skip107
\cftafterlottitleskip=\skip108
\cftbeforetabskip=\skip109
\cfttabindent=\skip110
\cfttabnumwidth=\skip111
)
(C:\Program Files\MiKTeX\tex/latex/pgf/frontendlayer\tikz.sty
(C:\Program Files\MiKTeX\tex/latex/pgf/basiclayer\pgf.sty
(C:\Program Files\MiKTeX\tex/latex/pgf/utilities\pgfrcs.sty
(C:\Program Files\MiKTeX\tex/generic/pgf/utilities\pgfutil-common.tex
\pgfutil@everybye=\toks35
\pgfutil@tempdima=\dimen262
\pgfutil@tempdimb=\dimen263
)
(C:\Program Files\MiKTeX\tex/generic/pgf/utilities\pgfutil-latex.def
\pgfutil@abb=\box66
)
(C:\Program Files\MiKTeX\tex/generic/pgf/utilities\pgfrcs.code.tex
(C:\Program Files\MiKTeX\tex/generic/pgf\pgf.revision.tex)
Package: pgfrcs 2026-08-01 v3.1.12 (3.1.12)
))
Package: pgf 2026-08-01 v3.1.12 (3.1.12)

(C:\Program Files\MiKTeX\tex/latex/pgf/basiclayer\pgfcore.sty
(C:\Program Files\MiKTeX\tex/latex/pgf/systemlayer\pgfsys.sty
(C:\Program Files\MiKTeX\tex/generic/pgf/systemlayer\pgfsys.code.tex
Package: pgfsys 2026-08-01 v3.1.12 (3.1.12)

(C:\Program Files\MiKTeX\tex/generic/pgf/utilities\pgfkeys.code.tex
\pgfkeys@pathtoks=\toks36
\pgfkeys@temptoks=\toks37

(C:\Program Files\MiKTeX\tex/generic/pgf/utilities\pgfkeyslibraryfiltered.code.
tex
\pgfkeys@tmptoks=\toks38
))
\pgf@x=\dimen264
\pgf@y=\dimen265
\pgf@xa=\dimen266
\pgf@ya=\dimen267
\pgf@xb=\dimen268
\pgf@yb=\dimen269
\pgf@xc=\dimen270
\pgf@yc=\dimen271
\pgf@xd=\dimen272
\pgf@yd=\dimen273
\w@pgf@writea=\write3
\r@pgf@reada=\read3
\c@pgf@counta=\count338
\c@pgf@countb=\count339
\c@pgf@countc=\count340
\c@pgf@countd=\count341
\t@pgf@toka=\toks39
\t@pgf@tokb=\toks40
\t@pgf@tokc=\toks41
\pgf@sys@id@count=\count342
 (C:\Program Files\MiKTeX\tex/generic/pgf/systemlayer\pgf.cfg
File: pgf.cfg 2026-08-01 v3.1.12 (3.1.12)
)
Driver file for pgf: pgfsys-pdftex.def

(C:\Program Files\MiKTeX\tex/generic/pgf/systemlayer\pgfsys-pdftex.def
File: pgfsys-pdftex.def 2026-08-01 v3.1.12 (3.1.12)

(C:\Program Files\MiKTeX\tex/generic/pgf/systemlayer\pgfsys-common-pdf.def
File: pgfsys-common-pdf.def 2026-08-01 v3.1.12 (3.1.12)
)))
(C:\Program Files\MiKTeX\tex/generic/pgf/systemlayer\pgfsyssoftpath.code.tex
File: pgfsyssoftpath.code.tex 2026-08-01 v3.1.12 (3.1.12)
\pgfsyssoftpath@smallbuffer@items=\count343
\pgfsyssoftpath@bigbuffer@items=\count344
)
(C:\Program Files\MiKTeX\tex/generic/pgf/systemlayer\pgfsysprotocol.code.tex
File: pgfsysprotocol.code.tex 2026-08-01 v3.1.12 (3.1.12)
))
(C:\Program Files\MiKTeX\tex/generic/pgf/basiclayer\pgfcore.code.tex
Package: pgfcore 2026-08-01 v3.1.12 (3.1.12)

(C:\Program Files\MiKTeX\tex/generic/pgf/math\pgfmath.code.tex
(C:\Program Files\MiKTeX\tex/generic/pgf/math\pgfmathutil.code.tex)
(C:\Program Files\MiKTeX\tex/generic/pgf/math\pgfmathparser.code.tex
\pgfmath@dimen=\dimen274
\pgfmath@count=\count345
\pgfmath@box=\box67
\pgfmath@toks=\toks42
\pgfmath@stack@operand=\toks43
\pgfmath@stack@operation=\toks44
)
(C:\Program Files\MiKTeX\tex/generic/pgf/math\pgfmathfunctions.code.tex)
(C:\Program Files\MiKTeX\tex/generic/pgf/math\pgfmathfunctions.basic.code.tex)
(C:\Program Files\MiKTeX\tex/generic/pgf/math\pgfmathfunctions.trigonometric.co
de.tex)
(C:\Program Files\MiKTeX\tex/generic/pgf/math\pgfmathfunctions.random.code.tex)

(C:\Program Files\MiKTeX\tex/generic/pgf/math\pgfmathfunctions.comparison.code.
tex)
(C:\Program Files\MiKTeX\tex/generic/pgf/math\pgfmathfunctions.base.code.tex)
(C:\Program Files\MiKTeX\tex/generic/pgf/math\pgfmathfunctions.round.code.tex)
(C:\Program Files\MiKTeX\tex/generic/pgf/math\pgfmathfunctions.misc.code.tex)
(C:\Program Files\MiKTeX\tex/generic/pgf/math\pgfmathfunctions.integerarithmeti
cs.code.tex) (C:\Program Files\MiKTeX\tex/generic/pgf/math\pgfmathcalc.code.tex
) (C:\Program Files\MiKTeX\tex/generic/pgf/math\pgfmathfloat.code.tex
\c@pgfmathroundto@lastzeros=\count346
))
(C:\Program Files\MiKTeX\tex/generic/pgf/math\pgfint.code.tex)
(C:\Program Files\MiKTeX\tex/generic/pgf/basiclayer\pgfcorepoints.code.tex
File: pgfcorepoints.code.tex 2026-08-01 v3.1.12 (3.1.12)
\pgf@picminx=\dimen275
\pgf@picmaxx=\dimen276
\pgf@picminy=\dimen277
\pgf@picmaxy=\dimen278
\pgf@pathminx=\dimen279
\pgf@pathmaxx=\dimen280
\pgf@pathminy=\dimen281
\pgf@pathmaxy=\dimen282
\pgf@xx=\dimen283
\pgf@xy=\dimen284
\pgf@yx=\dimen285
\pgf@yy=\dimen286
\pgf@zx=\dimen287
\pgf@zy=\dimen288
)
(C:\Program Files\MiKTeX\tex/generic/pgf/basiclayer\pgfcorepathconstruct.code.t
ex
File: pgfcorepathconstruct.code.tex 2026-08-01 v3.1.12 (3.1.12)
\pgf@path@lastx=\dimen289
\pgf@path@lasty=\dimen290
)
(C:\Program Files\MiKTeX\tex/generic/pgf/basiclayer\pgfcorepathusage.code.tex
File: pgfcorepathusage.code.tex 2026-08-01 v3.1.12 (3.1.12)
\pgf@shorten@end@additional=\dimen291
\pgf@shorten@start@additional=\dimen292
)
(C:\Program Files\MiKTeX\tex/generic/pgf/basiclayer\pgfcorescopes.code.tex
File: pgfcorescopes.code.tex 2026-08-01 v3.1.12 (3.1.12)
\pgfpic=\box68
\pgf@hbox=\box69
\pgf@layerbox@main=\box70
\pgf@picture@serial@count=\count347
)
(C:\Program Files\MiKTeX\tex/generic/pgf/basiclayer\pgfcoregraphicstate.code.te
x
File: pgfcoregraphicstate.code.tex 2026-08-01 v3.1.12 (3.1.12)
\pgflinewidth=\dimen293
)
(C:\Program Files\MiKTeX\tex/generic/pgf/basiclayer\pgfcoretransformations.code
.tex
File: pgfcoretransformations.code.tex 2026-08-01 v3.1.12 (3.1.12)
\pgf@pt@x=\dimen294
\pgf@pt@y=\dimen295
\pgf@pt@temp=\dimen296
) (C:\Program Files\MiKTeX\tex/generic/pgf/basiclayer\pgfcorequick.code.tex
File: pgfcorequick.code.tex 2026-08-01 v3.1.12 (3.1.12)
) (C:\Program Files\MiKTeX\tex/generic/pgf/basiclayer\pgfcoreobjects.code.tex
File: pgfcoreobjects.code.tex 2026-08-01 v3.1.12 (3.1.12)
)
(C:\Program Files\MiKTeX\tex/generic/pgf/basiclayer\pgfcorepathprocessing.code.
tex
File: pgfcorepathprocessing.code.tex 2026-08-01 v3.1.12 (3.1.12)
) (C:\Program Files\MiKTeX\tex/generic/pgf/basiclayer\pgfcorearrows.code.tex
File: pgfcorearrows.code.tex 2026-08-01 v3.1.12 (3.1.12)
\pgfarrowsep=\dimen297
) (C:\Program Files\MiKTeX\tex/generic/pgf/basiclayer\pgfcoreshade.code.tex
File: pgfcoreshade.code.tex 2026-08-01 v3.1.12 (3.1.12)
\pgf@max=\dimen298
\pgf@sys@shading@range@num=\count348
\pgf@shadingcount=\count349
)
(C:\Program Files\MiKTeX\tex/generic/pgf/basiclayer\pgfcoreimage.code.tex
File: pgfcoreimage.code.tex 2026-08-01 v3.1.12 (3.1.12)
)
(C:\Program Files\MiKTeX\tex/generic/pgf/basiclayer\pgfcoreexternal.code.tex
File: pgfcoreexternal.code.tex 2026-08-01 v3.1.12 (3.1.12)
\pgfexternal@startupbox=\box71
)
(C:\Program Files\MiKTeX\tex/generic/pgf/basiclayer\pgfcorelayers.code.tex
File: pgfcorelayers.code.tex 2026-08-01 v3.1.12 (3.1.12)
)
(C:\Program Files\MiKTeX\tex/generic/pgf/basiclayer\pgfcoretransparency.code.te
x
File: pgfcoretransparency.code.tex 2026-08-01 v3.1.12 (3.1.12)
) (C:\Program Files\MiKTeX\tex/generic/pgf/basiclayer\pgfcorepatterns.code.tex
File: pgfcorepatterns.code.tex 2026-08-01 v3.1.12 (3.1.12)
) (C:\Program Files\MiKTeX\tex/generic/pgf/basiclayer\pgfcorerdf.code.tex
File: pgfcorerdf.code.tex 2026-08-01 v3.1.12 (3.1.12)
)))
(C:\Program Files\MiKTeX\tex/generic/pgf/modules\pgfmoduleshapes.code.tex
File: pgfmoduleshapes.code.tex 2026-08-01 v3.1.12 (3.1.12)
\pgfnodeparttextbox=\box72
)
(C:\Program Files\MiKTeX\tex/generic/pgf/modules\pgfmoduleplot.code.tex
File: pgfmoduleplot.code.tex 2026-08-01 v3.1.12 (3.1.12)
)
(C:\Program Files\MiKTeX\tex/latex/pgf/compatibility\pgfcomp-version-0-65.sty
Package: pgfcomp-version-0-65 2026-08-01 v3.1.12 (3.1.12)
\pgf@nodesepstart=\dimen299
\pgf@nodesepend=\dimen300
)
(C:\Program Files\MiKTeX\tex/latex/pgf/compatibility\pgfcomp-version-1-18.sty
Package: pgfcomp-version-1-18 2026-08-01 v3.1.12 (3.1.12)
)) (C:\Program Files\MiKTeX\tex/latex/pgf/utilities\pgffor.sty
(C:\Program Files\MiKTeX\tex/latex/pgf/utilities\pgfkeys.sty
(C:\Program Files\MiKTeX\tex/generic/pgf/utilities\pgfkeys.code.tex))
(C:\Program Files\MiKTeX\tex/latex/pgf/math\pgfmath.sty
(C:\Program Files\MiKTeX\tex/generic/pgf/math\pgfmath.code.tex))
(C:\Program Files\MiKTeX\tex/generic/pgf/utilities\pgffor.code.tex
Package: pgffor 2026-08-01 v3.1.12 (3.1.12)
\pgffor@iter=\dimen301
\pgffor@skip=\dimen302
\pgffor@stack=\toks45
\pgffor@toks=\toks46
))
(C:\Program Files\MiKTeX\tex/generic/pgf/frontendlayer/tikz\tikz.code.tex
Package: tikz 2026-08-01 v3.1.12 (3.1.12)

(C:\Program Files\MiKTeX\tex/generic/pgf/libraries\pgflibraryplothandlers.code.
tex
File: pgflibraryplothandlers.code.tex 2026-08-01 v3.1.12 (3.1.12)
\pgf@plot@mark@count=\count350
\pgfplotmarksize=\dimen303
)
\tikz@lastx=\dimen304
\tikz@lasty=\dimen305
\tikz@lastxsaved=\dimen306
\tikz@lastysaved=\dimen307
\tikz@lastmovetox=\dimen308
\tikz@lastmovetoy=\dimen309
\tikzleveldistance=\dimen310
\tikzsiblingdistance=\dimen311
\tikz@figbox=\box73
\tikz@figbox@bg=\box74
\tikz@tempbox=\box75
\tikz@tempbox@bg=\box76
\tikztreelevel=\count351
\tikznumberofchildren=\count352
\tikznumberofcurrentchild=\count353
\tikz@fig@count=\count354
 (C:\Program Files\MiKTeX\tex/generic/pgf/modules\pgfmodulematrix.code.tex
File: pgfmodulematrix.code.tex 2026-08-01 v3.1.12 (3.1.12)
\pgfmatrixcurrentrow=\count355
\pgfmatrixcurrentcolumn=\count356
\pgf@matrix@numberofcolumns=\count357
)
\tikz@expandcount=\count358

(C:\Program Files\MiKTeX\tex/generic/pgf/frontendlayer/tikz/libraries\tikzlibra
rytopaths.code.tex
File: tikzlibrarytopaths.code.tex 2026-08-01 v3.1.12 (3.1.12)
)))
(C:\Users\aitlh\AppData\Roaming\MiKTeX\tex/latex/pdflscape\pdflscape.sty
Package: pdflscape 2022-10-27 v0.13 Display of landscape pages in PDF

(C:\Users\aitlh\AppData\Roaming\MiKTeX\tex/latex/pdflscape\pdflscape-nometadata
.sty
Package: pdflscape-nometadata 2022-10-28 v0.13 Display of landscape pages in PD
F (HO)
 (C:\Program Files\MiKTeX\tex/latex/graphics\lscape.sty
Package: lscape 2020/05/28 v3.02 Landscape Pages (DPC)
)
Package pdflscape Info: Auto-detected driver: pdftex on input line 81.
))
Package hyperref Info: Option `colorlinks' set `true' on input line 44.
\tocchapnumlen=\skip112
\tocsecnumlen=\skip113
\tocsubsecnumlen=\skip114
\tocfignumlen=\skip115
\toctabnumlen=\skip116
\toctitlecol=\skip117

(90_assets/latex_diagrams/shared/tikz_styles.tex
(C:\Program Files\MiKTeX\tex/generic/pgf/libraries\pgflibraryarrows.meta.code.t
ex
File: pgflibraryarrows.meta.code.tex 2026-08-01 v3.1.12 (3.1.12)
\pgfarrowinset=\dimen312
\pgfarrowlength=\dimen313
\pgfarrowwidth=\dimen314
\pgfarrowlinewidth=\dimen315
)
(C:\Program Files\MiKTeX\tex/generic/pgf/frontendlayer/tikz/libraries\tikzlibra
rycalc.code.tex
File: tikzlibrarycalc.code.tex 2026-08-01 v3.1.12 (3.1.12)
)
(C:\Program Files\MiKTeX\tex/generic/pgf/frontendlayer/tikz/libraries\tikzlibra
ryfit.code.tex
File: tikzlibraryfit.code.tex 2026-08-01 v3.1.12 (3.1.12)
)
(C:\Program Files\MiKTeX\tex/generic/pgf/frontendlayer/tikz/libraries\tikzlibra
rypositioning.code.tex
File: tikzlibrarypositioning.code.tex 2026-08-01 v3.1.12 (3.1.12)
)
(C:\Program Files\MiKTeX\tex/generic/pgf/frontendlayer/tikz/libraries\tikzlibra
ryshadows.code.tex
File: tikzlibraryshadows.code.tex 2026-08-01 v3.1.12 (3.1.12)

(C:\Program Files\MiKTeX\tex/generic/pgf/frontendlayer/tikz/libraries\tikzlibra
ryfadings.code.tex
File: tikzlibraryfadings.code.tex 2026-08-01 v3.1.12 (3.1.12)

(C:\Program Files\MiKTeX\tex/generic/pgf/libraries\pgflibraryfadings.code.tex
File: pgflibraryfadings.code.tex 2026-08-01 v3.1.12 (3.1.12)
)))))
LaTeX Font Info:    Trying to load font information for T1+lmr on input line 5.

 (C:\Program Files\MiKTeX\tex/latex/lm\t1lmr.fd
File: t1lmr.fd 2015/05/01 v1.6.1 Font defs for Latin Modern
) (main.aux)
Runaway argument?
{\contentsli 
! File ended while scanning use of \@writefile.
<inserted text> 
                \par 
l.5 \begin{document}
                    
I suspect you have forgotten a `}', causing me
to read past where you wanted me to stop.
I'll try to recover; but if the error is serious,
you'd better type `E' or `X' now and fix your file.

\openout1 = `main.aux'.

LaTeX Font Info:    Checking defaults for OML/cmm/m/it on input line 5.
LaTeX Font Info:    ... okay on input line 5.
LaTeX Font Info:    Checking defaults for OMS/cmsy/m/n on input line 5.
LaTeX Font Info:    ... okay on input line 5.
LaTeX Font Info:    Checking defaults for OT1/cmr/m/n on input line 5.
LaTeX Font Info:    ... okay on input line 5.
LaTeX Font Info:    Checking defaults for T1/cmr/m/n on input line 5.
LaTeX Font Info:    ... okay on input line 5.
LaTeX Font Info:    Checking defaults for TS1/cmr/m/n on input line 5.
LaTeX Font Info:    ... okay on input line 5.
LaTeX Font Info:    Checking defaults for OMX/cmex/m/n on input line 5.
LaTeX Font Info:    ... okay on input line 5.
LaTeX Font Info:    Checking defaults for U/cmr/m/n on input line 5.
LaTeX Font Info:    ... okay on input line 5.
LaTeX Font Info:    Checking defaults for PD1/pdf/m/n on input line 5.
LaTeX Font Info:    ... okay on input line 5.
LaTeX Font Info:    Checking defaults for PU/pdf/m/n on input line 5.
LaTeX Font Info:    ... okay on input line 5.
*geometry* driver: auto-detecting
*geometry* detected driver: pdftex
*geometry* verbose mode - [ preamble ] result:
* driver: pdftex
* paper: a4paper
* layout: <same size as paper>
* layoutoffset:(h,v)=(0.0pt,0.0pt)
* modes: 
* h-part:(L,W,R)=(71.13188pt, 455.24411pt, 71.13188pt)
* v-part:(T,H,B)=(71.13188pt, 702.78308pt, 71.13188pt)
* \paperwidth=597.50787pt
* \paperheight=845.04684pt
* \textwidth=455.24411pt
* \textheight=702.78308pt
* \oddsidemargin=-1.1381pt
* \evensidemargin=-1.1381pt
* \topmargin=-38.1381pt
* \headheight=14.5pt
* \headsep=25.0pt
* \topskip=12.0pt
* \footskip=30.0pt
* \marginparwidth=35.0pt
* \marginparsep=10.0pt
* \columnsep=10.0pt
* \skip\footins=10.8pt plus 4.0pt minus 2.0pt
* \hoffset=0.0pt
* \voffset=0.0pt
* \mag=1000
* \@twocolumnfalse
* \@twosidefalse
* \@mparswitchfalse
* \@reversemarginfalse
* (1in=72.27pt=25.4mm, 1cm=28.453pt)

LaTeX Info: Redefining \microtypecontext on input line 5.
Package microtype Info: Applying patch `item' on input line 5.
Package microtype Info: Applying patch `toc' on input line 5.
Package microtype Info: Applying patch `eqnum' on input line 5.
Package microtype Info: Applying patch `footnote' on input line 5.
Package microtype Info: Applying patch `verbatim' on input line 5.
LaTeX Info: Redefining \microtypesetup on input line 5.
Package microtype Info: Generating PDF output.
Package microtype Info: Character protrusion enabled (level 2).
Package microtype Info: Using default protrusion set `alltext'.
Package microtype Info: Automatic font expansion enabled (level 2),
(microtype)             stretch: 20, shrink: 20, step: 1, non-selected.
Package microtype Info: Using default expansion set `alltext-nott'.
Package microtype Info: Patching command `\showhyphens'.
Package microtype Info: No adjustment of tracking.
Package microtype Info: No adjustment of interword spacing.
Package microtype Info: No adjustment of character kerning.
(C:\Users\aitlh\AppData\Roaming\MiKTeX\tex/latex/microtype\mt-cmr.cfg
File: mt-cmr.cfg 2013/05/19 v2.2 microtype config. file: Computer Modern Roman 
(RS)
)
(C:\Program Files\MiKTeX\tex/context/base/mkii\supp-pdf.mkii
[Loading MPS to PDF converter (version 2006.09.02).]
\scratchcounter=\count359
\scratchdimen=\dimen316
\scratchbox=\box77
\nofMPsegments=\count360
\nofMParguments=\count361
\everyMPshowfont=\toks47
\MPscratchCnt=\count362
\MPscratchDim=\dimen317
\MPnumerator=\count363
\makeMPintoPDFobject=\count364
\everyMPtoPDFconversion=\toks48
) (C:\Program Files\MiKTeX\tex/latex/epstopdf-pkg\epstopdf-base.sty
Package: epstopdf-base 2020-01-24 v2.11 Base part for package epstopdf
Package epstopdf-base Info: Redefining graphics rule for `.eps' on input line 4
85.

(C:\Program Files\MiKTeX\tex/latex/00miktex\epstopdf-sys.cfg
File: epstopdf-sys.cfg 2021/03/18 v2.0 Configuration of epstopdf for MiKTeX
))
Package caption Info: Begin \AtBeginDocument code.
Package caption Info: hyperref package is loaded.
Package caption Info: End \AtBeginDocument code.
Package hyperref Info: Link coloring ON on input line 5.
Package babel Info: Main language set to 'english'.

(01_front_matter/dedication.tex [1


{C:/Users/aitlh/AppData/Local/MiKTeX/fonts/map/pdftex/pdftex.map}{C:/Program Fi
les/MiKTeX/fonts/enc/dvips/lm/lm-ec.enc}])
(01_front_matter/acknowledgements.tex [2


]) (01_front_matter/abstract.tex
[3


]) (01_front_matter/resume.tex [4


]) (main.toc)
\tf@toc=\write4
\openout4 = `main.toc'.

 [5

] (main.lof)
\tf@lof=\write5
\openout5 = `main.lof'.

 [6

] (main.lot)
\tf@lot=\write6
\openout6 = `main.lot'.


[7

] (01_front_matter/acronyms.tex
(C:\Program Files\MiKTeX\tex/latex/lm\ot1lmr.fd)
(C:\Program Files\MiKTeX\tex/latex/lm\omllmm.fd)
(C:\Program Files\MiKTeX\tex/latex/lm\omslmsy.fd)
(C:\Program Files\MiKTeX\tex/latex/lm\omxlmex.fd)
(C:\Program Files\MiKTeX\tex/latex/amsfonts\umsa.fd)
(C:\Users\aitlh\AppData\Roaming\MiKTeX\tex/latex/microtype\mt-msa.cfg)
(C:\Program Files\MiKTeX\tex/latex/amsfonts\umsb.fd)
(C:\Users\aitlh\AppData\Roaming\MiKTeX\tex/latex/microtype\mt-msb.cfg) [8


])
(02_chapter_1_general_project_context/chapter.tex
Chapter I.
<90_assets/logos/SAT_logos/SAT_logo.png, id=79, 1106.1325pt x 489.83pt>
File: 90_assets/logos/SAT_logos/SAT_logo.png Graphic file (type png)
<use 90_assets/logos/SAT_logos/SAT_logo.png>
Package pdftex.def Info: 90_assets/logos/SAT_logos/SAT_logo.png  used on input 
line 12.
(pdftex.def)             Requested size: 227.62206pt x 100.79698pt.
[1



 <./90_assets/logos/SAT_logos/SAT_logo.png>]
<90_assets/logos/SAT_logos/SAT_values.png, id=89, 1027.84pt x 1027.84pt>
File: 90_assets/logos/SAT_logos/SAT_values.png Graphic file (type png)
<use 90_assets/logos/SAT_logos/SAT_values.png>
Package pdftex.def Info: 90_assets/logos/SAT_logos/SAT_values.png  used on inpu
t line 24.
(pdftex.def)             Requested size: 195.75163pt x 195.74644pt.
 [2 <./90_assets/logos/SAT_logos/SAT_values.png (PNG copy)>] [3]
LaTeX Font Info:    Trying to load font information for TS1+lmr on input line 5
7.
 (C:\Program Files\MiKTeX\tex/latex/lm\ts1lmr.fd
File: ts1lmr.fd 2015/05/01 v1.6.1 Font defs for Latin Modern
) [4{C:/Program Files/MiKTeX/fonts/enc/dvips/lm/lm-ts1.enc}])
(03_chapter_2_state_of_the_art_and_theoretical_background/chapter.tex [5]
Chapter II.

LaTeX Warning: Citation `kleppmann2017ddia' on page 6 undefined on input line 6
.

[6

] (90_assets/latex_diagrams/chapter_2/fig_2_1_centralized_architecture.tex)

LaTeX Warning: Citation `kleppmann2017ddia' on page 7 undefined on input line 2
4.

(90_assets/latex_diagrams/chapter_2/fig_2_2_distributed_data_platform.tex)
[7] [8]

LaTeX Warning: Citation `kleppmann2017ddia' on page 9 undefined on input line 6
6.

LaTeX Font Info:    External font `lmex10' loaded for size
(Font)              <12> on input line 70.
LaTeX Font Info:    External font `lmex10' loaded for size
(Font)              <8> on input line 70.
LaTeX Font Info:    External font `lmex10' loaded for size
(Font)              <6> on input line 70.
[9{C:/Program Files/MiKTeX/fonts/enc/dvips/lm/lm-mathit.enc}{C:/Program Files/M
iKTeX/fonts/enc/dvips/lm/lm-rm.enc}{C:/Program Files/MiKTeX/fonts/enc/dvips/lm/
lm-mathsy.enc}]

LaTeX Warning: Citation `kleppmann2017ddia' on page 10 undefined on input line 
78.


LaTeX Warning: Citation `gilbert2002brewer' on page 10 undefined on input line 
90.

[10]

LaTeX Warning: Citation `kleppmann2017ddia' on page 11 undefined on input line 
97.

[11]

LaTeX Warning: Citation `marz2015bigdata' on page 12 undefined on input line 12
0.


LaTeX Warning: Citation `kreps2014questioning' on page 12 undefined on input li
ne 120.

[12]

LaTeX Warning: Citation `laney2001three' on page 13 undefined on input line 138
.

[13]

LaTeX Warning: Citation `kleppmann2017ddia' on page 14 undefined on input line 
153.

(90_assets/latex_diagrams/chapter_2/fig_2_3_spark_execution_model.tex) [14]

LaTeX Warning: Citation `armbrust2021lakehouse' on page 15 undefined on input l
ine 179.

[15]

LaTeX Warning: Citation `kreps2014questioning' on page 16 undefined on input li
ne 189.


LaTeX Warning: Citation `marz2015bigdata' on page 16 undefined on input line 19
8.


LaTeX Warning: Citation `kreps2014questioning' on page 16 undefined on input li
ne 198.


LaTeX Warning: Citation `armbrust2021lakehouse' on page 16 undefined on input l
ine 198.

(90_assets/latex_diagrams/chapter_2/fig_2_4_hybrid_processing_logic.tex)
[16]

LaTeX Warning: Citation `kleppmann2017ddia' on page 17 undefined on input line 
210.

[17]

LaTeX Warning: Citation `prometheus_docs' on page 18 undefined on input line 23
5.


LaTeX Warning: Citation `mit_kerberos_docs' on page 18 undefined on input line 
242.

[18]

LaTeX Warning: Citation `cryptsetup_docs' on page 19 undefined on input line 25
2.


LaTeX Warning: Citation `openssh_docs' on page 19 undefined on input line 257.


LaTeX Warning: Citation `prometheus_docs' on page 19 undefined on input line 25
7.

[19] [20]) (04_chapter_3_technology_watch/chapter.tex [21]
Chapter III.
[22

] [23] [24]

LaTeX Warning: Citation `apache_kafka_docs' on page 25 undefined on input line 
60.


LaTeX Warning: Citation `rabbitmq_docs' on page 25 undefined on input line 60.


LaTeX Warning: Citation `apache_pulsar_docs' on page 25 undefined on input line
 60.


LaTeX Warning: Citation `apache_hadoop_docs' on page 25 undefined on input line
 62.


LaTeX Warning: Citation `apache_iceberg_docs' on page 25 undefined on input lin
e 65.


LaTeX Warning: Citation `apache_hive_docs' on page 25 undefined on input line 6
5.


LaTeX Warning: Citation `apache_parquet_docs' on page 25 undefined on input lin
e 65.


LaTeX Warning: Citation `delta_lake_docs' on page 25 undefined on input line 67
.


LaTeX Warning: Citation `apache_hudi_docs' on page 25 undefined on input line 6
7.


LaTeX Warning: Citation `apache_spark_docs' on page 25 undefined on input line 
70.


LaTeX Warning: Citation `apache_flink_docs' on page 25 undefined on input line 
70.

[25]

LaTeX Warning: Citation `trino_docs' on page 26 undefined on input line 72.


LaTeX Warning: Citation `dbt_docs' on page 26 undefined on input line 72.


LaTeX Warning: Citation `great_expectations_docs' on page 26 undefined on input
 line 75.


LaTeX Warning: Citation `apache_airflow_docs' on page 26 undefined on input lin
e 77.


LaTeX Warning: Citation `prefect_docs' on page 26 undefined on input line 77.


LaTeX Warning: Citation `dagster_docs' on page 26 undefined on input line 77.


LaTeX Warning: Citation `prometheus_docs' on page 26 undefined on input line 79
.


LaTeX Warning: Citation `grafana_docs' on page 26 undefined on input line 79.


LaTeX Warning: Citation `cadvisor_docs' on page 26 undefined on input line 79.


LaTeX Warning: Citation `docker_docs' on page 26 undefined on input line 82.


LaTeX Warning: Citation `mit_kerberos_docs' on page 26 undefined on input line 
84.


LaTeX Warning: Citation `openssh_docs' on page 26 undefined on input line 84.


LaTeX Warning: Citation `cryptsetup_docs' on page 26 undefined on input line 84
.

[26]) (05_chapter_4_requirements_analysis_and_system_design/chapter.tex
[27]
Chapter IV.

LaTeX Warning: Citation `kleppmann2017ddia' on page 28 undefined on input line 
4.


LaTeX Warning: Citation `armbrust2021lakehouse' on page 28 undefined on input l
ine 4.

[28

] [29]

LaTeX Warning: Reference `app:requirements-traceability' on page 30 undefined o
n input line 50.


LaTeX Warning: Citation `kleppmann2017ddia' on page 30 undefined on input line 
106.

[30] [31]
*geometry* verbose mode - [ newgeometry ] result:
* driver: pdftex
* paper: a4paper
* layout: <same size as paper>
* layoutoffset:(h,v)=(0.0pt,0.0pt)
* modes: 
* h-part:(L,W,R)=(19.91684pt, 557.6742pt, 19.91684pt)
* v-part:(T,H,B)=(17.07182pt, 793.8318pt, 34.14322pt)
* \paperwidth=597.50787pt
* \paperheight=845.04684pt
* \textwidth=557.6742pt
* \textheight=793.8318pt
* \oddsidemargin=-52.35315pt
* \evensidemargin=-52.35315pt
* \topmargin=-94.69817pt
* \headheight=14.5pt
* \headsep=25.0pt
* \topskip=12.0pt
* \footskip=19.91684pt
* \marginparwidth=35.0pt
* \marginparsep=10.0pt
* \columnsep=10.0pt
* \skip\footins=10.8pt plus 4.0pt minus 2.0pt
* \hoffset=0.0pt
* \voffset=0.0pt
* \mag=1000
* \@twocolumnfalse
* \@twosidefalse
* \@mparswitchfalse
* \@reversemarginfalse
* (1in=72.27pt=25.4mm, 1cm=28.453pt)

<90_assets/architecture/Architecture_Final.drawio.png, id=316, 394.69057pt x 25
7.25711pt>
File: 90_assets/architecture/Architecture_Final.drawio.png Graphic file (type p
ng)
<use 90_assets/architecture/Architecture_Final.drawio.png>
Package pdftex.def Info: 90_assets/architecture/Architecture_Final.drawio.png  
used on input line 147.
(pdftex.def)             Requested size: 793.83582pt x 517.41777pt.
 [32


 <./90_assets/architecture/Architecture_Final.drawio.png>]

LaTeX Warning: Citation `armbrust2021lakehouse' on page 33 undefined on input l
ine 157.

(90_assets/latex_diagrams/chapter_4/fig_4_1_logical_architecture.tex) [33


]
(90_assets/latex_diagrams/chapter_4/fig_4_2_physical_architecture.tex) [34]
[35] (90_assets/latex_diagrams/chapter_4/fig_4_3_end_to_end_flow.tex)

LaTeX Warning: Citation `apache_hadoop_docs' on page 36 undefined on input line
 237.


LaTeX Warning: Citation `mit_kerberos_docs' on page 36 undefined on input line 
237.


LaTeX Warning: Citation `cryptsetup_docs' on page 36 undefined on input line 23
7.


LaTeX Warning: Reference `tab:chapter4-security-controls' on page 36 undefined 
on input line 237.

[36])
(06_chapter_5_implementation_of_the_distributed_lakehouse_platform/chapter.tex
[37]
Chapter V.
(C:\Program Files\MiKTeX\tex/latex/lm\t1lmtt.fd)
(90_assets/latex_diagrams/chapter_5/fig_5_1_dataset_families.tex) [38

]

LaTeX Warning: Citation `apache_kafka_docs' on page 39 undefined on input line 
42.


LaTeX Warning: Citation `kreps2014questioning' on page 39 undefined on input li
ne 42.

[39] (90_assets/latex_diagrams/chapter_5/fig_5_2_kafka_ingestion.tex) [40]
(90_assets/latex_diagrams/chapter_5/fig_5_3_hdfs_bronze.tex)

LaTeX Warning: Citation `apache_spark_docs' on page 41 undefined on input line 
83.


LaTeX Warning: Citation `apache_iceberg_docs' on page 41 undefined on input lin
e 83.


LaTeX Warning: Citation `armbrust2021lakehouse' on page 41 undefined on input l
ine 83.

[41] (90_assets/latex_diagrams/chapter_5/fig_5_4_spark_raw_load.tex)

LaTeX Warning: Citation `apache_hive_docs' on page 42 undefined on input line 1
02.


LaTeX Warning: Citation `apache_iceberg_docs' on page 42 undefined on input lin
e 102.

(90_assets/latex_diagrams/chapter_5/fig_5_5_metadata_governance.tex) [42]

LaTeX Warning: Citation `trino_docs' on page 43 undefined on input line 123.

(90_assets/latex_diagrams/chapter_5/fig_5_6_trino_access.tex) [43]

LaTeX Warning: Citation `dbt_docs' on page 44 undefined on input line 142.


LaTeX Warning: Reference `tab:chapter5-dbt-models' on page 44 undefined on inpu
t line 152.

[44] (90_assets/latex_diagrams/chapter_5/fig_5_7_dbt_layers.tex)

LaTeX Warning: Citation `great_expectations_docs' on page 45 undefined on input
 line 186.

[45] (90_assets/latex_diagrams/chapter_5/fig_5_8_validation_checkpoints.tex)

LaTeX Warning: Citation `apache_airflow_docs' on page 46 undefined on input lin
e 207.

[46] (90_assets/latex_diagrams/chapter_5/fig_5_9_dag_sequence.tex))
(07_chapter_6_deployment_strategy_and_distributed_execution/chapter.tex
[47]
Chapter VI.

LaTeX Warning: Citation `docker_docs' on page 48 undefined on input line 4.


LaTeX Warning: Citation `apache_spark_docs' on page 48 undefined on input line 
4.


LaTeX Warning: Citation `apache_hadoop_docs' on page 48 undefined on input line
 4.

(90_assets/latex_diagrams/chapter_6/fig_6_1_control_vs_data_plane.tex) [48

]
[49] (90_assets/latex_diagrams/chapter_6/fig_6_2_vm_service_map.tex) [50]
(90_assets/latex_diagrams/chapter_6/fig_6_3_machine_data_flow.tex) [51]

LaTeX Warning: Citation `apache_spark_docs' on page 52 undefined on input line 
116.

(90_assets/latex_diagrams/chapter_6/fig_6_4_distributed_spark_execution.tex)

LaTeX Warning: Citation `docker_docs' on page 52 undefined on input line 134.

[52] [53] (90_assets/latex_diagrams/chapter_6/fig_6_5_deployment_lifecycle.tex)
) (08_chapter_7_security_architecture_and_hardening/chapter.tex [54

]
Chapter VII.

LaTeX Warning: Citation `mit_kerberos_docs' on page 55 undefined on input line 
4.


LaTeX Warning: Citation `apache_hadoop_docs' on page 55 undefined on input line
 4.


LaTeX Warning: Citation `openssh_docs' on page 55 undefined on input line 4.


LaTeX Warning: Citation `cryptsetup_docs' on page 55 undefined on input line 4.


[55

]

LaTeX Warning: Citation `mit_kerberos_docs' on page 56 undefined on input line 
47.


LaTeX Warning: Citation `apache_hadoop_docs' on page 56 undefined on input line
 47.

(90_assets/latex_diagrams/chapter_7/fig_7_1_kerberos_identity_flow.tex)
[56]

LaTeX Warning: Citation `apache_hadoop_docs' on page 57 undefined on input line
 68.


LaTeX Warning: Citation `mit_kerberos_docs' on page 57 undefined on input line 
68.

(90_assets/latex_diagrams/chapter_7/fig_7_2_hdfs_browser_spnego.tex) [57]

LaTeX Warning: Citation `apache_hadoop_docs' on page 58 undefined on input line
 91.


LaTeX Warning: Citation `trino_docs' on page 58 undefined on input line 91.

(90_assets/latex_diagrams/chapter_7/fig_7_3_tls_exposure_zones.tex) [58]

LaTeX Warning: Citation `trino_docs' on page 59 undefined on input line 111.

(90_assets/latex_diagrams/chapter_7/fig_7_4_trino_auth_gateway.tex) [59]

LaTeX Warning: Citation `openssh_docs' on page 60 undefined on input line 131.

(90_assets/latex_diagrams/chapter_7/fig_7_5_remote_spark_ssh.tex) [60]

LaTeX Warning: Citation `cryptsetup_docs' on page 61 undefined on input line 15
5.

[61] (90_assets/latex_diagrams/chapter_7/fig_7_6_security_coverage_layers.tex)
[62] (90_assets/latex_diagrams/chapter_7/fig_7_7_security_boundaries.tex))
(09_chapter_8_validation_testing_and_results/chapter.tex [63]
Chapter VIII.

LaTeX Warning: Citation `kleppmann2017ddia' on page 64 undefined on input line 
4.


LaTeX Warning: Citation `apache_airflow_docs' on page 64 undefined on input lin
e 4.


LaTeX Warning: Citation `prometheus_docs' on page 64 undefined on input line 4.



LaTeX Warning: Reference `tab:chapter8-validation-strategy' on page 64 undefine
d on input line 9.


LaTeX Warning: Reference `app:validation-evidence' on page 64 undefined on inpu
t line 13.

[64

]

LaTeX Warning: Citation `apache_kafka_docs' on page 65 undefined on input line 
45.


LaTeX Warning: Citation `apache_hadoop_docs' on page 65 undefined on input line
 45.


LaTeX Warning: Citation `apache_hive_docs' on page 65 undefined on input line 4
5.


LaTeX Warning: Citation `apache_spark_docs' on page 65 undefined on input line 
45.


LaTeX Warning: Citation `trino_docs' on page 65 undefined on input line 45.


LaTeX Warning: Citation `mit_kerberos_docs' on page 65 undefined on input line 
45.


LaTeX Warning: Citation `prometheus_docs' on page 65 undefined on input line 45
.


LaTeX Warning: Citation `grafana_docs' on page 65 undefined on input line 45.

[65]

LaTeX Warning: Citation `apache_airflow_docs' on page 66 undefined on input lin
e 129.

[66]

LaTeX Warning: Reference `tab:chapter8-quality-evidence' on page 67 undefined o
n input line 162.


LaTeX Warning: Citation `great_expectations_docs' on page 67 undefined on input
 line 167.


LaTeX Warning: Citation `dbt_docs' on page 67 undefined on input line 167.

[67]

LaTeX Warning: Citation `apache_spark_docs' on page 68 undefined on input line 
197.


LaTeX Warning: Citation `mit_kerberos_docs' on page 68 undefined on input line 
233.


LaTeX Warning: Citation `apache_hadoop_docs' on page 68 undefined on input line
 233.


LaTeX Warning: Citation `trino_docs' on page 68 undefined on input line 233.


LaTeX Warning: Citation `openssh_docs' on page 68 undefined on input line 233.


LaTeX Warning: Citation `cryptsetup_docs' on page 68 undefined on input line 23
3.

[68]

LaTeX Warning: Citation `prometheus_docs' on page 69 undefined on input line 26
9.


LaTeX Warning: Citation `grafana_docs' on page 69 undefined on input line 269.


LaTeX Warning: Citation `apache_airflow_docs' on page 69 undefined on input lin
e 269.

[69] [70]) (10_chapter_9_discussion_and_critical_analysis/chapter.tex [71]
Chapter IX.

LaTeX Warning: Citation `kleppmann2017ddia' on page 72 undefined on input line 
6.


LaTeX Warning: Citation `armbrust2021lakehouse' on page 72 undefined on input l
ine 6.

[72

]

LaTeX Warning: Citation `apache_hive_docs' on page 73 undefined on input line 4
7.


LaTeX Warning: Citation `apache_iceberg_docs' on page 73 undefined on input lin
e 47.

[73] [74]

LaTeX Warning: Citation `kleppmann2017ddia' on page 75 undefined on input line 
63.

[75]

LaTeX Warning: Citation `kleppmann2017ddia' on page 76 undefined on input line 
84.


LaTeX Warning: Citation `armbrust2021lakehouse' on page 76 undefined on input l
ine 84.


LaTeX Warning: Citation `marz2015bigdata' on page 76 undefined on input line 84
.

[76] [77]) (11_chapter_10_general_conclusion_and_perspectives/chapter.tex
[78

]
Chapter X.

LaTeX Warning: Citation `kleppmann2017ddia' on page 79 undefined on input line 
10.


LaTeX Warning: Citation `armbrust2021lakehouse' on page 79 undefined on input l
ine 10.


LaTeX Warning: Citation `marz2015bigdata' on page 79 undefined on input line 10
.

[79

] [80] [81]) [82] (main.bbl [83


] [84]) [85]
(13_appendices/appendices_overview.tex
(13_appendices/appendix_a_traceability.tex
Appendix A.

LaTeX Warning: Reference `fig:appendix-spark-workers' on page 86 undefined on i
nput line 40.


LaTeX Warning: Reference `fig:appendix-airflow-runs' on page 86 undefined on in
put line 40.


LaTeX Warning: Reference `tab:appendix-compose-placement' on page 86 undefined 
on input line 40.


LaTeX Warning: Reference `fig:appendix-airflow-runs' on page 86 undefined on in
put line 40.


LaTeX Warning: Reference `fig:appendix-hdfs-health' on page 86 undefined on inp
ut line 40.


LaTeX Warning: Reference `fig:appendix-spark-workers' on page 86 undefined on i
nput line 40.


LaTeX Warning: Reference `fig:appendix-hive-dashboard' on page 86 undefined on 
input line 40.


LaTeX Warning: Reference `tab:appendix-compose-placement' on page 86 undefined 
on input line 40.


LaTeX Warning: Reference `fig:appendix-trino-query' on page 86 undefined on inp
ut line 40.


LaTeX Warning: Reference `fig:appendix-airflow-runs' on page 86 undefined on in
put line 40.


LaTeX Warning: Reference `fig:appendix-pipeline-dashboard' on page 86 undefined
 on input line 40.


LaTeX Warning: Reference `fig:appendix-gx-docs' on page 86 undefined on input l
ine 40.


LaTeX Warning: Reference `fig:appendix-airflow-runs' on page 86 undefined on in
put line 40.


LaTeX Warning: Reference `fig:appendix-infrastructure-dashboard' on page 86 und
efined on input line 40.


LaTeX Warning: Reference `fig:appendix-pipeline-dashboard' on page 86 undefined
 on input line 40.

[86


]

LaTeX Warning: Reference `tab:appendix-compose-placement' on page 87 undefined 
on input line 72.


LaTeX Warning: Reference `fig:appendix-hdfs-health' on page 87 undefined on inp
ut line 72.


LaTeX Warning: Reference `fig:appendix-spark-workers' on page 87 undefined on i
nput line 72.


LaTeX Warning: Reference `fig:appendix-trino-query' on page 87 undefined on inp
ut line 72.


LaTeX Warning: Reference `app:deployment-reference' on page 87 undefined on inp
ut line 72.


LaTeX Warning: Reference `fig:appendix-airflow-runs' on page 87 undefined on in
put line 72.


LaTeX Warning: Reference `fig:appendix-gx-docs' on page 87 undefined on input l
ine 72.


LaTeX Warning: Reference `fig:appendix-spark-workers' on page 87 undefined on i
nput line 72.


LaTeX Warning: Reference `fig:appendix-infrastructure-dashboard' on page 87 und
efined on input line 72.


LaTeX Warning: Reference `fig:appendix-pipeline-dashboard' on page 87 undefined
 on input line 72.


LaTeX Warning: Reference `tab:appendix-compose-properties' on page 87 undefined
 on input line 72.


LaTeX Warning: Reference `app:validation-evidence' on page 87 undefined on inpu
t line 72.


LaTeX Warning: Reference `tab:appendix-compose-placement' on page 87 undefined 
on input line 72.


LaTeX Warning: Reference `fig:appendix-infrastructure-dashboard' on page 87 und
efined on input line 72.

[87]) (13_appendices/appendix_b_deployment_reference.tex [88]
Appendix B.
[89

]) (13_appendices/appendix_c_validation_evidence.tex [90]
Appendix C.
<91_evidence/airflow_success.png, id=801, 1924.94156pt x 881.54344pt>
File: 91_evidence/airflow_success.png Graphic file (type png)
<use 91_evidence/airflow_success.png>
Package pdftex.def Info: 91_evidence/airflow_success.png  used on input line 18
.
(pdftex.def)             Requested size: 455.24411pt x 220.3758pt.
[91

 <./91_evidence/airflow_success.png>]
<91_evidence/great_expectations_data_docs.png, id=812, 1440.13031pt x 467.49657
pt>
File: 91_evidence/great_expectations_data_docs.png Graphic file (type png)
<use 91_evidence/great_expectations_data_docs.png>
Package pdftex.def Info: 91_evidence/great_expectations_data_docs.png  used on 
input line 37.
(pdftex.def)             Requested size: 688.72441pt x 172.33017pt.
 [92


 <./91_evidence/great_expectations_data_docs.png>]
<91_evidence/grafana_dashboard_infrastructure.png, id=821, 1440.13031pt x 596.2
275pt>
File: 91_evidence/grafana_dashboard_infrastructure.png Graphic file (type png)
<use 91_evidence/grafana_dashboard_infrastructure.png>
Package pdftex.def Info: 91_evidence/grafana_dashboard_infrastructure.png  used
 on input line 59.
(pdftex.def)             Requested size: 688.72441pt x 279.66385pt.
 [93



 <./91_evidence/grafana_dashboard_infrastructure.png>]
<91_evidence/grafana_dashboard_pipeline_health.png, id=831, 1443.14156pt x 644.
4075pt>
File: 91_evidence/grafana_dashboard_pipeline_health.png Graphic file (type png)

<use 91_evidence/grafana_dashboard_pipeline_health.png>
Package pdftex.def Info: 91_evidence/grafana_dashboard_pipeline_health.png  use
d on input line 80.
(pdftex.def)             Requested size: 688.72441pt x 325.24956pt.

[94



 <./91_evidence/grafana_dashboard_pipeline_health.png>]
<91_evidence/grafana_dashboard_hive_metastore.png, id=840, 1400.98407pt x 639.8
9063pt>
File: 91_evidence/grafana_dashboard_hive_metastore.png Graphic file (type png)
<use 91_evidence/grafana_dashboard_hive_metastore.png>
Package pdftex.def Info: 91_evidence/grafana_dashboard_hive_metastore.png  used
 on input line 102.
(pdftex.def)             Requested size: 688.72441pt x 327.51068pt.
 [95



 <./91_evidence/grafana_dashboard_hive_metastore.png>]
<91_evidence/hdfs_cluster_health.png, id=851, 600.74437pt x 663.22781pt>
File: 91_evidence/hdfs_cluster_health.png Graphic file (type png)
<use 91_evidence/hdfs_cluster_health.png>
Package pdftex.def Info: 91_evidence/hdfs_cluster_health.png  used on input lin
e 120.
(pdftex.def)             Requested size: 455.2621pt x 520.29955pt.
 [96


 <./91_evidence/hdfs_cluster_health.png>]
<91_evidence/spark_cluster_workers.png, id=860, 1433.355pt x 683.55376pt>
File: 91_evidence/spark_cluster_workers.png Graphic file (type png)
<use 91_evidence/spark_cluster_workers.png>
Package pdftex.def Info: 91_evidence/spark_cluster_workers.png  used on input l
ine 139.
(pdftex.def)             Requested size: 688.72441pt x 327.06686pt.
 [97


 <./91_evidence/spark_cluster_workers.png>]
<91_evidence/trino_query_result.png, id=870, 1203.49625pt x 735.74875pt>
File: 91_evidence/trino_query_result.png Graphic file (type png)
<use 91_evidence/trino_query_result.png>
Package pdftex.def Info: 91_evidence/trino_query_result.png  used on input line
 158.
(pdftex.def)             Requested size: 660.6178pt x 399.18712pt.
 [98



 <./91_evidence/trino_query_result.png (PNG copy)>])) (main.aux)
 ***********
LaTeX2e <2026-06-01>
L3 programming layer <2026-07-20>
 ***********


LaTeX Warning: There were undefined references.


LaTeX Warning: Label(s) may have changed. Rerun to get cross-references right.

 ) 
Here is how much of TeX's memory you used:
 30792 strings out of 467501
 585692 string characters out of 5418659
 999862 words of memory out of 5000000
 58591 multiletter control sequences out of 15000+600000
 743470 words of font info for 277 fonts, out of 8000000 for 9000
 1141 hyphenation exceptions out of 8191
 97i,14n,97p,1003b,972s stack positions out of 10000i,1000n,20000p,200000b,200000s
<C:/Program Files/MiKTeX/fonts/type1/public/lm/lmbx10.pfb><C:/Program Files/M
iKTeX/fonts/type1/public/lm/lmbx12.pfb><C:/Program Files/MiKTeX/fonts/type1/pub
lic/lm/lmbx8.pfb><C:/Program Files/MiKTeX/fonts/type1/public/lm/lmbx9.pfb><C:/P
rogram Files/MiKTeX/fonts/type1/public/lm/lmmi12.pfb><C:/Program Files/MiKTeX/f
onts/type1/public/lm/lmr10.pfb><C:/Program Files/MiKTeX/fonts/type1/public/lm/l
mr12.pfb><C:/Program Files/MiKTeX/fonts/type1/public/lm/lmr8.pfb><C:/Program Fi
les/MiKTeX/fonts/type1/public/lm/lmr9.pfb><C:/Program Files/MiKTeX/fonts/type1/
public/lm/lmri10.pfb><C:/Program Files/MiKTeX/fonts/type1/public/lm/lmri12.pfb>
<C:/Program Files/MiKTeX/fonts/type1/public/lm/lmsy10.pfb><C:/Program Files/MiK
TeX/fonts/type1/public/lm/lmsy8.pfb><C:/Program Files/MiKTeX/fonts/type1/public
/lm/lmtt10.pfb><C:/Program Files/MiKTeX/fonts/type1/public/lm/lmtt12.pfb><C:/Pr
ogram Files/MiKTeX/fonts/type1/public/lm/lmtt8.pfb>
Output written on main.pdf (106 pages, 12971400 bytes).
PDF statistics:
 1543 PDF objects out of 1728 (max. 8388607)
 418 named destinations out of 1000 (max. 500000)
 65028 words of extra memory for PDF output out of 74296 (max. 10000000)

